Archive member included to satisfy reference by file (symbol)

C:/devkitPro/libnx/lib\libnx.a(applet.o)
                              main.o (appletMainLoop)
C:/devkitPro/libnx/lib\libnx.a(audout.o)
                              main.o (audoutExit)
C:/devkitPro/libnx/lib\libnx.a(sm.o)
                              C:/devkitPro/libnx/lib\libnx.a(applet.o) (smGetServiceWrapper)
C:/devkitPro/libnx/lib\libnx.a(diag.o)
                              C:/devkitPro/libnx/lib\libnx.a(applet.o) (diagAbortWithResult)
C:/devkitPro/libnx/lib\libnx.a(env.o)
                              C:/devkitPro/libnx/lib\libnx.a(applet.o) (envIsNso)
C:/devkitPro/libnx/lib\libnx.a(hosversion.o)
                              C:/devkitPro/libnx/lib\libnx.a(applet.o) (hosversionGet)
C:/devkitPro/libnx/lib\libnx.a(pad.o)
                              main.o (padConfigureInput)
C:/devkitPro/libnx/lib\libnx.a(console.o)
                              main.o (consoleInit)
C:/devkitPro/libnx/lib\libnx.a(console_sw.o)
                              C:/devkitPro/libnx/lib\libnx.a(console.o) (getDefaultConsoleRenderer)
C:/devkitPro/libnx/lib\libnx.a(romfs_dev.o)
                              main.o (romfsMountSelf)
C:/devkitPro/libnx/lib\libnx.a(svc.o)
                              C:/devkitPro/libnx/lib\libnx.a(applet.o) (svcExitProcess)
C:/devkitPro/libnx/lib\libnx.a(readtp.o)
                              C:/devkitPro/libnx/lib\libnx.a(romfs_dev.o) (__aarch64_read_tp)
C:/devkitPro/libnx/lib\libnx.a(switch_crt0.o)
                              (_start)
C:/devkitPro/libnx/lib\libnx.a(default_font.bin.o)
                              C:/devkitPro/libnx/lib\libnx.a(console.o) (default_font_bin)
C:/devkitPro/libnx/lib\libnx.a(event.o)
                              C:/devkitPro/libnx/lib\libnx.a(applet.o) (eventLoadRemote)
C:/devkitPro/libnx/lib\libnx.a(mutex.o)
                              C:/devkitPro/libnx/lib\libnx.a(applet.o) (mutexLock)
C:/devkitPro/libnx/lib\libnx.a(tmem.o)
                              C:/devkitPro/libnx/lib\libnx.a(applet.o) (tmemCreate)
C:/devkitPro/libnx/lib\libnx.a(virtmem.o)
                              C:/devkitPro/libnx/lib\libnx.a(tmem.o) (virtmemLock)
C:/devkitPro/libnx/lib\libnx.a(wait.o)
                              C:/devkitPro/libnx/lib\libnx.a(applet.o) (waitObjects)
C:/devkitPro/libnx/lib\libnx.a(apm.o)
                              C:/devkitPro/libnx/lib\libnx.a(applet.o) (apmInitialize)
C:/devkitPro/libnx/lib\libnx.a(fs.o)
                              C:/devkitPro/libnx/lib\libnx.a(romfs_dev.o) (fsOpenDataStorageByCurrentProcess)
C:/devkitPro/libnx/lib\libnx.a(hid.o)
                              C:/devkitPro/libnx/lib\libnx.a(pad.o) (hidGetNpadStyleSet)
C:/devkitPro/libnx/lib\libnx.a(default_window.o)
                              C:/devkitPro/libnx/lib\libnx.a(console_sw.o) (nwindowGetDefault)
C:/devkitPro/libnx/lib\libnx.a(framebuffer.o)
                              C:/devkitPro/libnx/lib\libnx.a(console_sw.o) (framebufferMakeLinear)
C:/devkitPro/libnx/lib\libnx.a(native_window.o)
                              C:/devkitPro/libnx/lib\libnx.a(framebuffer.o) (nwindowIsValid)
C:/devkitPro/libnx/lib\libnx.a(alloc.o)
                              C:/devkitPro/libnx/lib\libnx.a(romfs_dev.o) (__libnx_alloc)
C:/devkitPro/libnx/lib\libnx.a(argv.o)
                              C:/devkitPro/libnx/lib\libnx.a(romfs_dev.o) (__system_argc)
C:/devkitPro/libnx/lib\libnx.a(dynamic.o)
                              C:/devkitPro/libnx/lib\libnx.a(switch_crt0.o) (__nx_dynamic)
C:/devkitPro/libnx/lib\libnx.a(init.o)
                              C:/devkitPro/libnx/lib\libnx.a(switch_crt0.o) (__libnx_init)
C:/devkitPro/libnx/lib\libnx.a(newlib.o)
                              C:/devkitPro/libnx/lib\libnx.a(init.o) (__libnx_init_time)
C:/devkitPro/libnx/lib\libnx.a(nxlink.o)
                              C:/devkitPro/libnx/lib\libnx.a(argv.o) (nxlinkSetup)
C:/devkitPro/libnx/lib\libnx.a(fs_dev.o)
                              C:/devkitPro/libnx/lib\libnx.a(init.o) (fsdevMountSdmc)
C:/devkitPro/libnx/lib\libnx.a(path_buf.o)
                              C:/devkitPro/libnx/lib\libnx.a(romfs_dev.o) (__nx_dev_path_buf)
C:/devkitPro/libnx/lib\libnx.a(decode_utf8.o)
                              C:/devkitPro/libnx/lib\libnx.a(fs_dev.o) (decode_utf8)
C:/devkitPro/libnx/lib\libnx.a(cache.o)
                              C:/devkitPro/libnx/lib\libnx.a(framebuffer.o) (armDCacheFlush)
C:/devkitPro/libnx/lib\libnx.a(exception.o)
                              C:/devkitPro/libnx/lib\libnx.a(switch_crt0.o) (__libnx_exception_entry)
C:/devkitPro/libnx/lib\libnx.a(condvar.o)
                              C:/devkitPro/libnx/lib\libnx.a(newlib.o) (condvarWaitTimeout)
C:/devkitPro/libnx/lib\libnx.a(random.o)
                              C:/devkitPro/libnx/lib\libnx.a(virtmem.o) (randomGet64)
C:/devkitPro/libnx/lib\libnx.a(shmem.o)
                              C:/devkitPro/libnx/lib\libnx.a(hid.o) (shmemLoadRemote)
[...]
Memory Configuration

Name             Origin             Length             Attributes
*default*        0x0000000000000000 0xffffffffffffffff

Linker script and memory map

                0x0000000000000000                PROVIDE (__start__ = 0x0)
                0x0000000000000000                . = __start__
                [!provide]                        PROVIDE (__code_start = .)

.text           0x0000000000000000    0x28b08
 *(.crt0)
 .crt0          0x0000000000000000      0x130 C:/devkitPro/libnx/lib\libnx.a(switch_crt0.o)
                0x0000000000000000                _start
                0x00000000000000e0                __nx_exit
                0x00000000000000f0                __nx_mod0
 *(.text.unlikely .text.*_unlikely .text.unlikely.*)
 *(.text.exit .text.exit.*)
 *fill*         0x0000000000000130       0x10 
 .text.exit     0x0000000000000140       0x34 C:/devkitPro/devkitA64/bin/../lib/gcc/aarch64-none-elf/15.1.0/../../../../aarch64-none-elf/lib/pic\libg.a(libc_a-exit.o)
                0x0000000000000140                exit
 *(.text.startup .text.startup.*)
 *fill*         0x0000000000000174        0xc 
 .text.startup.main
                0x0000000000000180      0x2d4 main.o
                0x0000000000000180                main
 *(.text.hot .text.hot.*)
 *(.text .stub .text.* .gnu.linkonce.t.*)
 *fill*         0x0000000000000454        0xc 
 .text.__do_global_dtors_aux
                0x0000000000000460       0x50 C:/devkitPro/devkitA64/bin/../lib/gcc/aarch64-none-elf/15.1.0/pic/crtbegin.o
 *fill*         0x00000000000004b0       0x10 
 .text.frame_dummy
                0x00000000000004c0       0x24 C:/devkitPro/devkitA64/bin/../lib/gcc/aarch64-none-elf/15.1.0/pic/crtbegin.o
 *fill*         0x00000000000004e4        0xc 
 .text._Z10printFramei
                0x00000000000004f0       0x84 main.o
                0x00000000000004f0                printFrame(int)
 *fill*         0x0000000000000574        0xc 
 .text._Z19initAudioRingBufferR15AudioRingBuffer
                0x0000000000000580       0x80 main.o
                0x0000000000000580                initAudioRingBuffer(AudioRingBuffer&)
 .text._Z19freeAudioRingBufferR15AudioRingBuffer
                0x0000000000000600       0x48 main.o
                0x0000000000000600                freeAudioRingBuffer(AudioRingBuffer&)
 *fill*         0x0000000000000648        0x8 
 .text._appletInfiniteSleepLoop
                0x0000000000000650       0x18 C:/devkitPro/libnx/lib\libnx.a(applet.o)
 *fill*         0x0000000000000668        0x8 
 .text._appletCmdGetSession
                0x0000000000000670      0x108 C:/devkitPro/libnx/lib\libnx.a(applet.o)
 *fill*         0x0000000000000778        0x8 
 .text._appletCmdInU8NoOut
                0x0000000000000780       0xcc C:/devkitPro/libnx/lib\libnx.a(applet.o)
 *fill*         0x000000000000084c        0x4 
 .text._appletCmdInU32NoOut
                0x0000000000000850       0xcc C:/devkitPro/libnx/lib\libnx.a(applet.o)
 *fill*         0x000000000000091c        0x4 
 .text._appletGetSessionProxy.constprop.0
                0x0000000000000920      0x12c C:/devkitPro/libnx/lib\libnx.a(applet.o)
 *fill*         0x0000000000000a4c        0x4 
 .text._appletOpenLibraryAppletProxy.constprop.0
                0x0000000000000a50      0x148 C:/devkitPro/libnx/lib\libnx.a(applet.o)
 *fill*         0x0000000000000b98        0x8 
 .text._appletCmdGetEvent
                0x0000000000000ba0       0xf8 C:/devkitPro/libnx/lib\libnx.a(applet.o)
 *fill*         0x0000000000000c98        0x8 
 .text._appletCmdNoInOutU8.isra.0
                0x0000000000000ca0       0xd4 C:/devkitPro/libnx/lib\libnx.a(applet.o)
 *fill*         0x0000000000000d74        0xc 
 .text._appletCmdNoInOutU32.isra.0
                0x0000000000000d80       0xd4 C:/devkitPro/libnx/lib\libnx.a(applet.o)
 *fill*         0x0000000000000e54        0xc 
 .text._appletCmdNoInOutU64.isra.0
                0x0000000000000e60       0xd4 C:/devkitPro/libnx/lib\libnx.a(applet.o)
 *fill*         0x0000000000000f34        0xc 
 .text._appletCmdNoIO.isra.0
                0x0000000000000f40       0xc0 C:/devkitPro/libnx/lib\libnx.a(applet.o)
 .text.appletGetAppletType
                0x0000000000001000       0x10 C:/devkitPro/libnx/lib\libnx.a(applet.o)
                0x0000000000001000                appletGetAppletType
 .text.appletSetFocusHandlingMode
                0x0000000000001010      0x1b8 C:/devkitPro/libnx/lib\libnx.a(applet.o)
                0x0000000000001010                appletSetFocusHandlingMode
 *fill*         0x00000000000011c8        0x8 
 .text.appletSetCpuBoostMode
                0x00000000000011d0       0x5c C:/devkitPro/libnx/lib\libnx.a(applet.o)
                0x00000000000011d0                appletSetCpuBoostMode
 *fill*         0x000000000000122c        0x4 
 .text.appletCreateManagedDisplayLayer
                0x0000000000001230       0x2c C:/devkitPro/libnx/lib\libnx.a(applet.o)
                0x0000000000001230                appletCreateManagedDisplayLayer
 *fill*         0x000000000000125c        0x4 
 .text.appletGetAppletResourceUserId
                0x0000000000001260        0xc C:/devkitPro/libnx/lib\libnx.a(applet.o)
                0x0000000000001260                appletGetAppletResourceUserId
 *fill*         0x000000000000126c        0x4 
 .text._appletHolderCreateState
                0x0000000000001270      0x138 C:/devkitPro/libnx/lib\libnx.a(applet.o)
 *fill*         0x00000000000013a8        0x8 
 .text.appletHolderClose
                0x00000000000013b0       0xb0 C:/devkitPro/libnx/lib\libnx.a(applet.o)
                0x00000000000013b0                appletHolderClose
 .text.appletHolderGetLibraryAppletInfo
                0x0000000000001460       0x24 C:/devkitPro/libnx/lib\libnx.a(applet.o)
                0x0000000000001460                appletHolderGetLibraryAppletInfo
 *fill*         0x0000000000001484        0xc 
 .text.appletNotifyRunning
                0x0000000000001490       0x90 C:/devkitPro/libnx/lib\libnx.a(applet.o)
                0x0000000000001490                appletNotifyRunning
 .text.appletSetGamePlayRecordingState
                0x0000000000001520       0x78 C:/devkitPro/libnx/lib\libnx.a(applet.o)
                0x0000000000001520                appletSetGamePlayRecordingState
 *fill*         0x0000000000001598        0x8 
 .text._appletCleanup
                0x00000000000015a0      0xad4 C:/devkitPro/libnx/lib\libnx.a(applet.o)
 *fill*         0x0000000000002074        0xc 
 .text.appletExit
                0x0000000000002080       0x48 C:/devkitPro/libnx/lib\libnx.a(applet.o)
                0x0000000000002080                appletExit
 *fill*         0x00000000000020c8        0x8 
 .text.appletGetLibraryAppletInfo
                0x00000000000020d0       0x40 C:/devkitPro/libnx/lib\libnx.a(applet.o)
                0x00000000000020d0                appletGetLibraryAppletInfo
 .text.appletInitialize
                0x0000000000002110      0xc14 C:/devkitPro/libnx/lib\libnx.a(applet.o)
                0x0000000000002110                appletInitialize
 *fill*         0x0000000000002d24        0xc 
 .text._appletExitProcess
                0x0000000000002d30       0x24 C:/devkitPro/libnx/lib\libnx.a(applet.o)
 *fill*         0x0000000000002d54        0xc 
 .text.appletGetMessage
                0x0000000000002d60       0x74 C:/devkitPro/libnx/lib\libnx.a(applet.o)
                0x0000000000002d60                appletGetMessage
 *fill*         0x0000000000002dd4        0xc 
 .text.appletProcessMessage
                0x0000000000002de0      0x264 C:/devkitPro/libnx/lib\libnx.a(applet.o)
                0x0000000000002de0                appletProcessMessage
 *fill*         0x0000000000003044        0xc 
 .text.appletMainLoop
                0x0000000000003050       0x34 C:/devkitPro/libnx/lib\libnx.a(applet.o)
                0x0000000000003050                appletMainLoop
 *fill*         0x0000000000003084        0xc 
 .text._audoutCleanup
                0x0000000000003090      0x104 C:/devkitPro/libnx/lib\libnx.a(audout.o)
 *fill*         0x0000000000003194        0xc 
 .text._audoutCmdNoIO.constprop.0
                0x00000000000031a0       0xbc C:/devkitPro/libnx/lib\libnx.a(audout.o)
 *fill*         0x000000000000325c        0x4 
 .text.audoutExit
                0x0000000000003260       0x48 C:/devkitPro/libnx/lib\libnx.a(audout.o)
                0x0000000000003260                audoutExit
 *fill*         0x00000000000032a8        0x8 
 .text.audoutOpenAudioOut
                0x00000000000032b0      0x2b8 C:/devkitPro/libnx/lib\libnx.a(audout.o)
                0x00000000000032b0                audoutOpenAudioOut
 *fill*         0x0000000000003568        0x8 
 .text.audoutInitialize
                0x0000000000003570      0x1e0 C:/devkitPro/libnx/lib\libnx.a(audout.o)
                0x0000000000003570                audoutInitialize
 .text.audoutStartAudioOut
                0x0000000000003750        0x8 C:/devkitPro/libnx/lib\libnx.a(audout.o)
                0x0000000000003750                audoutStartAudioOut
 *fill*         0x0000000000003758        0x8 
 .text.audoutStopAudioOut
                0x0000000000003760        0x8 C:/devkitPro/libnx/lib\libnx.a(audout.o)
                0x0000000000003760                audoutStopAudioOut
 *fill*         0x0000000000003768        0x8 
 .text.audoutAppendAudioOutBuffer
                0x0000000000003770      0x1c8 C:/devkitPro/libnx/lib\libnx.a(audout.o)
                0x0000000000003770                audoutAppendAudioOutBuffer
 *fill*         0x0000000000003938        0x8 
 .text.audoutGetReleasedAudioOutBuffer
                0x0000000000003940      0x18c C:/devkitPro/libnx/lib\libnx.a(audout.o)
                0x0000000000003940                audoutGetReleasedAudioOutBuffer
 *fill*         0x0000000000003acc        0x4 
 .text.audoutWaitPlayFinish
                0x0000000000003ad0       0x78 C:/devkitPro/libnx/lib\libnx.a(audout.o)
                0x0000000000003ad0                audoutWaitPlayFinish
 *fill*         0x0000000000003b48        0x8 
 .text._smCmifCmdInPid
                0x0000000000003b50       0xcc C:/devkitPro/libnx/lib\libnx.a(sm.o)
 *fill*         0x0000000000003c1c        0x4 
 .text._smCleanup
                0x0000000000003c20       0x78 C:/devkitPro/libnx/lib\libnx.a(sm.o)
 *fill*         0x0000000000003c98        0x8 
 .text.smAddOverrideHandle
                0x0000000000003ca0       0x48 C:/devkitPro/libnx/lib\libnx.a(sm.o)
                0x0000000000003ca0                smAddOverrideHandle
 *fill*         0x0000000000003ce8        0x8 
 .text.smGetServiceOverride
                0x0000000000003cf0       0x54 C:/devkitPro/libnx/lib\libnx.a(sm.o)
                0x0000000000003cf0                smGetServiceOverride
 *fill*         0x0000000000003d44        0xc 
 .text.smInitialize
                0x0000000000003d50      0x1ac C:/devkitPro/libnx/lib\libnx.a(sm.o)
                0x0000000000003d50                smInitialize
 *fill*         0x0000000000003efc        0x4 
 .text.smExit   0x0000000000003f00       0x48 C:/devkitPro/libnx/lib\libnx.a(sm.o)
                0x0000000000003f00                smExit
 *fill*         0x0000000000003f48        0x8 
 .text.smGetServiceOriginal
                0x0000000000003f50       0xd0 C:/devkitPro/libnx/lib\libnx.a(sm.o)
                0x0000000000003f50                smGetServiceOriginal
 .text.smGetServiceWrapper
                0x0000000000004020      0x120 C:/devkitPro/libnx/lib\libnx.a(sm.o)
                0x0000000000004020                smGetServiceWrapper
 .text.diagAbortWithResult
                0x0000000000004140       0x1c C:/devkitPro/libnx/lib\libnx.a(diag.o)
                0x0000000000004140                diagAbortWithResult
 *fill*         0x000000000000415c        0x4 
 .text.envSetup
                0x0000000000004160      0x208 C:/devkitPro/libnx/lib\libnx.a(env.o)
                0x0000000000004160                envSetup
 *fill*         0x0000000000004368        0x8 
 .text.envGetMainThreadHandle
                0x0000000000004370       0x20 C:/devkitPro/libnx/lib\libnx.a(env.o)
                0x0000000000004370                envGetMainThreadHandle
 .text.envIsNso
                0x0000000000004390        0xc C:/devkitPro/libnx/lib\libnx.a(env.o)
                0x0000000000004390                envIsNso
 *fill*         0x000000000000439c        0x4 
 .text.envHasHeapOverride
                0x00000000000043a0       0x14 C:/devkitPro/libnx/lib\libnx.a(env.o)
                0x00000000000043a0                envHasHeapOverride
 *fill*         0x00000000000043b4        0xc 
 .text.envGetHeapOverrideAddr
                0x00000000000043c0        0xc C:/devkitPro/libnx/lib\libnx.a(env.o)
                0x00000000000043c0                envGetHeapOverrideAddr
 *fill*         0x00000000000043cc        0x4 
 .text.envGetHeapOverrideSize
                0x00000000000043d0        0xc C:/devkitPro/libnx/lib\libnx.a(env.o)
                0x00000000000043d0                envGetHeapOverrideSize
 *fill*         0x00000000000043dc        0x4 
 .text.envHasArgv
                0x00000000000043e0       0x14 C:/devkitPro/libnx/lib\libnx.a(env.o)
                0x00000000000043e0                envHasArgv
 *fill*         0x00000000000043f4        0xc 
 .text.envGetArgv
                0x0000000000004400        0xc C:/devkitPro/libnx/lib\libnx.a(env.o)
                0x0000000000004400                envGetArgv
 *fill*         0x000000000000440c        0x4 
 .text.envGetExitFuncPtr
                0x0000000000004410        0xc C:/devkitPro/libnx/lib\libnx.a(env.o)
                0x0000000000004410                envGetExitFuncPtr
 *fill*         0x000000000000441c        0x4 
 .text.envSetExitFuncPtr
                0x0000000000004420        0xc C:/devkitPro/libnx/lib\libnx.a(env.o)
                0x0000000000004420                envSetExitFuncPtr
 *fill*         0x000000000000442c        0x4 
 .text.envHasRandomSeed
                0x0000000000004430        0xc C:/devkitPro/libnx/lib\libnx.a(env.o)
                0x0000000000004430                envHasRandomSeed
 *fill*         0x000000000000443c        0x4 
 .text.envGetRandomSeed
                0x0000000000004440       0x10 C:/devkitPro/libnx/lib\libnx.a(env.o)
                0x0000000000004440                envGetRandomSeed
 .text.hosversionGet
                0x0000000000004450       0x14 C:/devkitPro/libnx/lib\libnx.a(hosversion.o)
                0x0000000000004450                hosversionGet
 *fill*         0x0000000000004464        0xc 
 .text.hosversionSet
                0x0000000000004470       0x10 C:/devkitPro/libnx/lib\libnx.a(hosversion.o)
                0x0000000000004470                hosversionSet
 .text.padConfigureInput
                0x0000000000004480       0x9c C:/devkitPro/libnx/lib\libnx.a(pad.o)
                0x0000000000004480                padConfigureInput
 *fill*         0x000000000000451c        0x4 
 .text.padInitializeWithMask
                0x0000000000004520       0x24 C:/devkitPro/libnx/lib\libnx.a(pad.o)
                0x0000000000004520                padInitializeWithMask
 *fill*         0x0000000000004544        0xc 
 .text.consoleDrawChar
                0x0000000000004550       0x50 C:/devkitPro/libnx/lib\libnx.a(console.o)
 .text.consoleNewRow
                0x00000000000045a0       0xb8 C:/devkitPro/libnx/lib\libnx.a(console.o)
 *fill*         0x0000000000004658        0x8 
 .text.consolePrintChar.part.0
                0x0000000000004660      0x194 C:/devkitPro/libnx/lib\libnx.a(console.o)
 *fill*         0x00000000000047f4        0xc 
 .text.con_write
                0x0000000000004800      0xdd4 C:/devkitPro/libnx/lib\libnx.a(console.o)
 *fill*         0x00000000000055d4        0xc 
 .text.consoleInit
                0x00000000000055e0      0x160 C:/devkitPro/libnx/lib\libnx.a(console.o)
                0x00000000000055e0                consoleInit
 .text.consoleExit
                0x0000000000005740       0x44 C:/devkitPro/libnx/lib\libnx.a(console.o)
                0x0000000000005740                consoleExit
 *fill*         0x0000000000005784        0xc 
 .text.consoleUpdate
                0x0000000000005790       0x2c C:/devkitPro/libnx/lib\libnx.a(console.o)
                0x0000000000005790                consoleUpdate
 *fill*         0x00000000000057bc        0x4 
 .text.consoleClear
                0x00000000000057c0       0x98 C:/devkitPro/libnx/lib\libnx.a(console.o)
                0x00000000000057c0                consoleClear
 *fill*         0x0000000000005858        0x8 
 .text.ConsoleSwRenderer_drawChar
                0x0000000000005860      0x1bc C:/devkitPro/libnx/lib\libnx.a(console_sw.o)
 *fill*         0x0000000000005a1c        0x4 
 .text.ConsoleSwRenderer_init
                0x0000000000005a20       0xe8 C:/devkitPro/libnx/lib\libnx.a(console_sw.o)
 *fill*         0x0000000000005b08        0x8 
 .text.ConsoleSwRenderer_flushAndSwap
                0x0000000000005b10       0x78 C:/devkitPro/libnx/lib\libnx.a(console_sw.o)
 *fill*         0x0000000000005b88        0x8 
 .text.ConsoleSwRenderer_scrollWindow
                0x0000000000005b90       0xec C:/devkitPro/libnx/lib\libnx.a(console_sw.o)
 *fill*         0x0000000000005c7c        0x4 
 .text.ConsoleSwRenderer_deinit
                0x0000000000005c80       0x50 C:/devkitPro/libnx/lib\libnx.a(console_sw.o)
 .text.getDefaultConsoleRenderer
                0x0000000000005cd0        0xc C:/devkitPro/libnx/lib\libnx.a(console_sw.o)
                0x0000000000005cd0                getDefaultConsoleRenderer
 *fill*         0x0000000000005cdc        0x4 
 .text.romfs_close
                0x0000000000005ce0        0x8 C:/devkitPro/libnx/lib\libnx.a(romfs_dev.o)
 *fill*         0x0000000000005ce8        0x8 
 .text.romfs_seek
                0x0000000000005cf0       0x88 C:/devkitPro/libnx/lib\libnx.a(romfs_dev.o)
 *fill*         0x0000000000005d78        0x8 
 .text.romfs_dirreset
                0x0000000000005d80       0x1c C:/devkitPro/libnx/lib\libnx.a(romfs_dev.o)
 *fill*         0x0000000000005d9c        0x4 
 .text.fillDir  0x0000000000005da0      0x100 C:/devkitPro/libnx/lib\libnx.a(romfs_dev.o)
 .text.romfs_dirnext
                0x0000000000005ea0      0x2b0 C:/devkitPro/libnx/lib\libnx.a(romfs_dev.o)
 .text.searchForDir
                0x0000000000006150      0x150 C:/devkitPro/libnx/lib\libnx.a(romfs_dev.o)
 .text.searchForFile
                0x00000000000062a0      0x150 C:/devkitPro/libnx/lib\libnx.a(romfs_dev.o)
 .text._romfs_read_safe
                0x00000000000063f0      0x150 C:/devkitPro/libnx/lib\libnx.a(romfs_dev.o)
 .text._romfs_read
                0x0000000000006540       0xb8 C:/devkitPro/libnx/lib\libnx.a(romfs_dev.o)
 *fill*         0x00000000000065f8        0x8 
 .text.romfs_read
                0x0000000000006600       0x80 C:/devkitPro/libnx/lib\libnx.a(romfs_dev.o)
 .text.romfs_free
                0x0000000000006680       0xb4 C:/devkitPro/libnx/lib\libnx.a(romfs_dev.o)
 *fill*         0x0000000000006734        0xc 
 .text.navigateToDir.constprop.0
                0x0000000000006740      0x1f4 C:/devkitPro/libnx/lib\libnx.a(romfs_dev.o)
 *fill*         0x0000000000006934        0xc 
 .text.romfs_open
                0x0000000000006940      0x108 C:/devkitPro/libnx/lib\libnx.a(romfs_dev.o)
 *fill*         0x0000000000006a48        0x8 
 .text.romfs_stat
                0x0000000000006a50      0x1a0 C:/devkitPro/libnx/lib\libnx.a(romfs_dev.o)
 .text.romfs_chdir
                0x0000000000006bf0       0x54 C:/devkitPro/libnx/lib\libnx.a(romfs_dev.o)
 *fill*         0x0000000000006c44        0xc 
 .text.romfs_diropen
                0x0000000000006c50       0x84 C:/devkitPro/libnx/lib\libnx.a(romfs_dev.o)
 *fill*         0x0000000000006cd4        0xc 
 .text.romfs_dirclose
                0x0000000000006ce0        0x8 C:/devkitPro/libnx/lib\libnx.a(romfs_dev.o)
 *fill*         0x0000000000006ce8        0x8 
 .text.romfsFindMount
                0x0000000000006cf0      0x150 C:/devkitPro/libnx/lib\libnx.a(romfs_dev.o)
 .text.romfs_fstat
                0x0000000000006e40       0x70 C:/devkitPro/libnx/lib\libnx.a(romfs_dev.o)
 .text.romfsMountCommon
                0x0000000000006eb0      0x1b0 C:/devkitPro/libnx/lib\libnx.a(romfs_dev.o)
 .text.romfsMountFromFile
                0x0000000000007060       0x68 C:/devkitPro/libnx/lib\libnx.a(romfs_dev.o)
                0x0000000000007060                romfsMountFromFile
 *fill*         0x00000000000070c8        0x8 
 .text.romfsMountFromStorage
                0x00000000000070d0       0x6c C:/devkitPro/libnx/lib\libnx.a(romfs_dev.o)
                0x00000000000070d0                romfsMountFromStorage
 *fill*         0x000000000000713c        0x4 
 .text.romfsMountFromCurrentProcess
                0x0000000000007140       0x38 C:/devkitPro/libnx/lib\libnx.a(romfs_dev.o)
                0x0000000000007140                romfsMountFromCurrentProcess
 *fill*         0x0000000000007178        0x8 
 .text.romfsMountSelf
                0x0000000000007180      0x188 C:/devkitPro/libnx/lib\libnx.a(romfs_dev.o)
                0x0000000000007180                romfsMountSelf
 *fill*         0x0000000000007308        0x8 
 .text.romfsUnmount
                0x0000000000007310       0xa8 C:/devkitPro/libnx/lib\libnx.a(romfs_dev.o)
                0x0000000000007310                romfsUnmount
 .text.svcSetHeapSize
                0x00000000000073b8       0x14 C:/devkitPro/libnx/lib\libnx.a(svc.o)
                0x00000000000073b8                svcSetHeapSize
 .text.svcSetMemoryPermission
                0x00000000000073cc        0x8 C:/devkitPro/libnx/lib\libnx.a(svc.o)
                0x00000000000073cc                svcSetMemoryPermission
 .text.svcSetMemoryAttribute
                0x00000000000073d4        0x8 C:/devkitPro/libnx/lib\libnx.a(svc.o)
                0x00000000000073d4                svcSetMemoryAttribute
 .text.svcUnmapMemory
                0x00000000000073dc        0x8 C:/devkitPro/libnx/lib\libnx.a(svc.o)
                0x00000000000073dc                svcUnmapMemory
 .text.svcQueryMemory
                0x00000000000073e4       0x14 C:/devkitPro/libnx/lib\libnx.a(svc.o)
                0x00000000000073e4                svcQueryMemory
 .text.svcExitProcess
                0x00000000000073f8        0x8 C:/devkitPro/libnx/lib\libnx.a(svc.o)
                0x00000000000073f8                svcExitProcess
 .text.svcSleepThread
                0x0000000000007400        0x8 C:/devkitPro/libnx/lib\libnx.a(svc.o)
                0x0000000000007400                svcSleepThread
 .text.svcClearEvent
                0x0000000000007408        0x8 C:/devkitPro/libnx/lib\libnx.a(svc.o)
                0x0000000000007408                svcClearEvent
 .text.svcMapSharedMemory
                0x0000000000007410        0x8 C:/devkitPro/libnx/lib\libnx.a(svc.o)
                0x0000000000007410                svcMapSharedMemory
 .text.svcUnmapSharedMemory
                0x0000000000007418        0x8 C:/devkitPro/libnx/lib\libnx.a(svc.o)
                0x0000000000007418                svcUnmapSharedMemory
 .text.svcCreateTransferMemory
                0x0000000000007420       0x14 C:/devkitPro/libnx/lib\libnx.a(svc.o)
                0x0000000000007420                svcCreateTransferMemory
 .text.svcCloseHandle
                0x0000000000007434        0x8 C:/devkitPro/libnx/lib\libnx.a(svc.o)
                0x0000000000007434                svcCloseHandle
 .text.svcResetSignal
                0x000000000000743c        0x8 C:/devkitPro/libnx/lib\libnx.a(svc.o)
                0x000000000000743c                svcResetSignal
 .text.svcWaitSynchronization
                0x0000000000007444       0x14 C:/devkitPro/libnx/lib\libnx.a(svc.o)
                0x0000000000007444                svcWaitSynchronization
 .text.svcArbitrateLock
                0x0000000000007458        0x8 C:/devkitPro/libnx/lib\libnx.a(svc.o)
                0x0000000000007458                svcArbitrateLock
 .text.svcArbitrateUnlock
                0x0000000000007460        0x8 C:/devkitPro/libnx/lib\libnx.a(svc.o)
                0x0000000000007460                svcArbitrateUnlock
 .text.svcWaitProcessWideKeyAtomic
                0x0000000000007468        0x8 C:/devkitPro/libnx/lib\libnx.a(svc.o)
                0x0000000000007468                svcWaitProcessWideKeyAtomic
 .text.svcSignalProcessWideKey
                0x0000000000007470        0x8 C:/devkitPro/libnx/lib\libnx.a(svc.o)
                0x0000000000007470                svcSignalProcessWideKey
 .text.svcConnectToNamedPort
                0x0000000000007478       0x14 C:/devkitPro/libnx/lib\libnx.a(svc.o)
                0x0000000000007478                svcConnectToNamedPort
 .text.svcSendSyncRequest
                0x000000000000748c        0x8 C:/devkitPro/libnx/lib\libnx.a(svc.o)
                0x000000000000748c                svcSendSyncRequest
 .text.svcBreak
                0x0000000000007494        0x8 C:/devkitPro/libnx/lib\libnx.a(svc.o)
                0x0000000000007494                svcBreak
 .text.svcReturnFromException
                0x000000000000749c        0x8 C:/devkitPro/libnx/lib\libnx.a(svc.o)
                0x000000000000749c                svcReturnFromException
 .text.svcGetInfo
                0x00000000000074a4       0x14 C:/devkitPro/libnx/lib\libnx.a(svc.o)
                0x00000000000074a4                svcGetInfo
 .text.svcUnmapTransferMemory
                0x00000000000074b8        0x8 C:/devkitPro/libnx/lib\libnx.a(svc.o)
                0x00000000000074b8                svcUnmapTransferMemory
 .text.__aarch64_read_tp
                0x00000000000074c0        0xc C:/devkitPro/libnx/lib\libnx.a(readtp.o)
                0x00000000000074c0                __aarch64_read_tp
 *fill*         0x00000000000074cc        0x4 
 .text.eventLoadRemote
                0x00000000000074d0        0xc C:/devkitPro/libnx/lib\libnx.a(event.o)
                0x00000000000074d0                eventLoadRemote
 *fill*         0x00000000000074dc        0x4 
 .text.eventWait
                0x00000000000074e0       0x34 C:/devkitPro/libnx/lib\libnx.a(event.o)
                0x00000000000074e0                eventWait
 *fill*         0x0000000000007514        0xc 
 .text.eventClear
                0x0000000000007520       0x24 C:/devkitPro/libnx/lib\libnx.a(event.o)
                0x0000000000007520                eventClear
 *fill*         0x0000000000007544        0xc 
 .text.eventClose
                0x0000000000007550       0x54 C:/devkitPro/libnx/lib\libnx.a(event.o)
                0x0000000000007550                eventClose
 *fill*         0x00000000000075a4        0xc 
 .text.mutexLock
                0x00000000000075b0       0xc8 C:/devkitPro/libnx/lib\libnx.a(mutex.o)
                0x00000000000075b0                mutexLock
 *fill*         0x0000000000007678        0x8 
 .text.mutexUnlock
                0x0000000000007680       0x68 C:/devkitPro/libnx/lib\libnx.a(mutex.o)
                0x0000000000007680                mutexUnlock
 *fill*         0x00000000000076e8        0x8 
 .text.mutexIsLockedByCurrentThread
                0x00000000000076f0       0x1c C:/devkitPro/libnx/lib\libnx.a(mutex.o)
                0x00000000000076f0                mutexIsLockedByCurrentThread
 *fill*         0x000000000000770c        0x4 
 .text.rmutexLock
                0x0000000000007710       0x58 C:/devkitPro/libnx/lib\libnx.a(mutex.o)
                0x0000000000007710                rmutexLock
 *fill*         0x0000000000007768        0x8 
 .text.rmutexUnlock
                0x0000000000007770       0x1c C:/devkitPro/libnx/lib\libnx.a(mutex.o)
                0x0000000000007770                rmutexUnlock
 *fill*         0x000000000000778c        0x4 
 .text.tmemCreate
                0x0000000000007790       0xa8 C:/devkitPro/libnx/lib\libnx.a(tmem.o)
                0x0000000000007790                tmemCreate
 *fill*         0x0000000000007838        0x8 
 .text.tmemUnmap
                0x0000000000007840       0x34 C:/devkitPro/libnx/lib\libnx.a(tmem.o)
                0x0000000000007840                tmemUnmap
 *fill*         0x0000000000007874        0xc 
 .text.tmemCloseHandle
                0x0000000000007880       0x30 C:/devkitPro/libnx/lib\libnx.a(tmem.o)
                0x0000000000007880                tmemCloseHandle
 .text.tmemWaitForPermission
                0x00000000000078b0       0x9c C:/devkitPro/libnx/lib\libnx.a(tmem.o)
                0x00000000000078b0                tmemWaitForPermission
 *fill*         0x000000000000794c        0x4 
 .text.tmemClose
                0x0000000000007950       0x50 C:/devkitPro/libnx/lib\libnx.a(tmem.o)
                0x0000000000007950                tmemClose
 .text._memregionInitWithInfo
                0x00000000000079a0       0x64 C:/devkitPro/libnx/lib\libnx.a(virtmem.o)
 *fill*         0x0000000000007a04        0xc 
 .text.__libnx_virtmem_rng
                0x0000000000007a10        0x4 C:/devkitPro/libnx/lib\libnx.a(virtmem.o)
                0x0000000000007a10                __libnx_virtmem_rng
 *fill*         0x0000000000007a14        0xc 
 .text._memregionFindRandom
                0x0000000000007a20      0x164 C:/devkitPro/libnx/lib\libnx.a(virtmem.o)
 *fill*         0x0000000000007b84        0xc 
 .text.virtmemSetup
                0x0000000000007b90      0x140 C:/devkitPro/libnx/lib\libnx.a(virtmem.o)
                0x0000000000007b90                virtmemSetup
 .text.virtmemLock
                0x0000000000007cd0        0xc C:/devkitPro/libnx/lib\libnx.a(virtmem.o)
                0x0000000000007cd0                virtmemLock
 *fill*         0x0000000000007cdc        0x4 
 .text.virtmemUnlock
                0x0000000000007ce0        0xc C:/devkitPro/libnx/lib\libnx.a(virtmem.o)
                0x0000000000007ce0                virtmemUnlock
 *fill*         0x0000000000007cec        0x4 
 .text.virtmemFindAslr
                0x0000000000007cf0       0x50 C:/devkitPro/libnx/lib\libnx.a(virtmem.o)
                0x0000000000007cf0                virtmemFindAslr
 .text.waitObjects
                0x0000000000007d40      0x57c C:/devkitPro/libnx/lib\libnx.a(wait.o)
                0x0000000000007d40                waitObjects
 *fill*         0x00000000000082bc        0x4 
 .text._apmCleanup
                0x00000000000082c0       0xd4 C:/devkitPro/libnx/lib\libnx.a(apm.o)
 *fill*         0x0000000000008394        0xc 
 .text.apmInitialize
                0x00000000000083a0      0x194 C:/devkitPro/libnx/lib\libnx.a(apm.o)
                0x00000000000083a0                apmInitialize
 *fill*         0x0000000000008534        0xc 
 .text.apmExit  0x0000000000008540       0x48 C:/devkitPro/libnx/lib\libnx.a(apm.o)
                0x0000000000008540                apmExit
 *fill*         0x0000000000008588        0x8 
 .text.apmSetPerformanceConfiguration
                0x0000000000008590       0xc8 C:/devkitPro/libnx/lib\libnx.a(apm.o)
                0x0000000000008590                apmSetPerformanceConfiguration
 *fill*         0x0000000000008658        0x8 
 .text._fsCleanup
                0x0000000000008660       0xb4 C:/devkitPro/libnx/lib\libnx.a(fs.o)
 *fill*         0x0000000000008714        0xc 
 .text._fsCmdNoIO
                0x0000000000008720      0x1c0 C:/devkitPro/libnx/lib\libnx.a(fs.o)
 .text._fsFsCmdWithInPath
                0x00000000000088e0      0x1e0 C:/devkitPro/libnx/lib\libnx.a(fs.o)
 .text._fsFsCmdWithTwoInPaths
                0x0000000000008ac0      0x1f8 C:/devkitPro/libnx/lib\libnx.a(fs.o)
 *fill*         0x0000000000008cb8        0x8 
 .text._fsFsOpenCommon
                0x0000000000008cc0      0x28c C:/devkitPro/libnx/lib\libnx.a(fs.o)
 *fill*         0x0000000000008f4c        0x4 
 .text._fsFsCmdWithInPathAndOutU64
                0x0000000000008f50      0x1fc C:/devkitPro/libnx/lib\libnx.a(fs.o)
 *fill*         0x000000000000914c        0x4 
 .text._fsObjectClose
                0x0000000000009150       0xf8 C:/devkitPro/libnx/lib\libnx.a(fs.o)
 *fill*         0x0000000000009248        0x8 
 .text._fsCmdGetSession.constprop.0
                0x0000000000009250      0x17c C:/devkitPro/libnx/lib\libnx.a(fs.o)
 *fill*         0x00000000000093cc        0x4 
 .text.fsInitialize
                0x00000000000093d0      0x2f8 C:/devkitPro/libnx/lib\libnx.a(fs.o)
                0x00000000000093d0                fsInitialize
 *fill*         0x00000000000096c8        0x8 
 .text.fsExit   0x00000000000096d0       0x48 C:/devkitPro/libnx/lib\libnx.a(fs.o)
                0x00000000000096d0                fsExit
 *fill*         0x0000000000009718        0x8 
 .text.fsOpenSdCardFileSystem
                0x0000000000009720        0x8 C:/devkitPro/libnx/lib\libnx.a(fs.o)
                0x0000000000009720                fsOpenSdCardFileSystem
 *fill*         0x0000000000009728        0x8 
 .text.fsOpenDataStorageByCurrentProcess
                0x0000000000009730        0x8 C:/devkitPro/libnx/lib\libnx.a(fs.o)
                0x0000000000009730                fsOpenDataStorageByCurrentProcess
 *fill*         0x0000000000009738        0x8 
 .text.fsFsCreateFile
                0x0000000000009740      0x1ec C:/devkitPro/libnx/lib\libnx.a(fs.o)
                0x0000000000009740                fsFsCreateFile
 *fill*         0x000000000000992c        0x4 
 .text.fsFsDeleteFile
                0x0000000000009930        0x8 C:/devkitPro/libnx/lib\libnx.a(fs.o)
                0x0000000000009930                fsFsDeleteFile
 *fill*         0x0000000000009938        0x8 
 .text.fsFsCreateDirectory
                0x0000000000009940        0x8 C:/devkitPro/libnx/lib\libnx.a(fs.o)
                0x0000000000009940                fsFsCreateDirectory
 *fill*         0x0000000000009948        0x8 
 .text.fsFsDeleteDirectory
                0x0000000000009950        0x8 C:/devkitPro/libnx/lib\libnx.a(fs.o)
                0x0000000000009950                fsFsDeleteDirectory
 *fill*         0x0000000000009958        0x8 
 .text.fsFsRenameFile
                0x0000000000009960        0x8 C:/devkitPro/libnx/lib\libnx.a(fs.o)
                0x0000000000009960                fsFsRenameFile
 *fill*         0x0000000000009968        0x8 
 .text.fsFsRenameDirectory
                0x0000000000009970        0x8 C:/devkitPro/libnx/lib\libnx.a(fs.o)
                0x0000000000009970                fsFsRenameDirectory
 *fill*         0x0000000000009978        0x8 
 .text.fsFsGetEntryType
                0x0000000000009980      0x1f0 C:/devkitPro/libnx/lib\libnx.a(fs.o)
                0x0000000000009980                fsFsGetEntryType
 .text.fsFsOpenFile
                0x0000000000009b70        0x8 C:/devkitPro/libnx/lib\libnx.a(fs.o)
                0x0000000000009b70                fsFsOpenFile
 *fill*         0x0000000000009b78        0x8 
 .text.fsFsOpenDirectory
                0x0000000000009b80        0x8 C:/devkitPro/libnx/lib\libnx.a(fs.o)
                0x0000000000009b80                fsFsOpenDirectory
 *fill*         0x0000000000009b88        0x8 
 .text.fsFsGetFreeSpace
                0x0000000000009b90        0x8 C:/devkitPro/libnx/lib\libnx.a(fs.o)
                0x0000000000009b90                fsFsGetFreeSpace
 *fill*         0x0000000000009b98        0x8 
 .text.fsFsGetTotalSpace
                0x0000000000009ba0        0x8 C:/devkitPro/libnx/lib\libnx.a(fs.o)
                0x0000000000009ba0                fsFsGetTotalSpace
 *fill*         0x0000000000009ba8        0x8 
 .text.fsFsGetFileTimeStampRaw
                0x0000000000009bb0      0x230 C:/devkitPro/libnx/lib\libnx.a(fs.o)
                0x0000000000009bb0                fsFsGetFileTimeStampRaw
 .text.fsFsClose
                0x0000000000009de0        0x4 C:/devkitPro/libnx/lib\libnx.a(fs.o)
                0x0000000000009de0                fsFsClose
 *fill*         0x0000000000009de4        0xc 
 .text.fsFileRead
                0x0000000000009df0      0x214 C:/devkitPro/libnx/lib\libnx.a(fs.o)
                0x0000000000009df0                fsFileRead
 *fill*         0x000000000000a004        0xc 
 .text.fsFileWrite
                0x000000000000a010      0x1f8 C:/devkitPro/libnx/lib\libnx.a(fs.o)
                0x000000000000a010                fsFileWrite
 *fill*         0x000000000000a208        0x8 
 .text.fsFileFlush
                0x000000000000a210        0x8 C:/devkitPro/libnx/lib\libnx.a(fs.o)
                0x000000000000a210                fsFileFlush
 *fill*         0x000000000000a218        0x8 
 .text.fsFileSetSize
                0x000000000000a220      0x1c0 C:/devkitPro/libnx/lib\libnx.a(fs.o)
                0x000000000000a220                fsFileSetSize
 .text.fsFileGetSize
                0x000000000000a3e0      0x1d4 C:/devkitPro/libnx/lib\libnx.a(fs.o)
                0x000000000000a3e0                fsFileGetSize
 *fill*         0x000000000000a5b4        0xc 
 .text.fsFileClose
                0x000000000000a5c0        0x4 C:/devkitPro/libnx/lib\libnx.a(fs.o)
                0x000000000000a5c0                fsFileClose
 *fill*         0x000000000000a5c4        0xc 
 .text.fsDirClose
                0x000000000000a5d0        0x4 C:/devkitPro/libnx/lib\libnx.a(fs.o)
                0x000000000000a5d0                fsDirClose
 *fill*         0x000000000000a5d4        0xc 
 .text.fsDirRead
                0x000000000000a5e0      0x204 C:/devkitPro/libnx/lib\libnx.a(fs.o)
                0x000000000000a5e0                fsDirRead
 *fill*         0x000000000000a7e4        0xc 
 .text.fsStorageRead
                0x000000000000a7f0      0x1e8 C:/devkitPro/libnx/lib\libnx.a(fs.o)
                0x000000000000a7f0                fsStorageRead
 *fill*         0x000000000000a9d8        0x8 
 .text.fsStorageClose
                0x000000000000a9e0        0x4 C:/devkitPro/libnx/lib\libnx.a(fs.o)
                0x000000000000a9e0                fsStorageClose
 *fill*         0x000000000000a9e4        0xc 
 .text._hidCleanup
                0x000000000000a9f0      0x12c C:/devkitPro/libnx/lib\libnx.a(hid.o)
 *fill*         0x000000000000ab1c        0x4 
 .text._hidCmdInAruidNoOut
                0x000000000000ab20       0xd4 C:/devkitPro/libnx/lib\libnx.a(hid.o)
 *fill*         0x000000000000abf4        0xc 
 .text._hidCmdInU32AruidNoOut
                0x000000000000ac00       0xe0 C:/devkitPro/libnx/lib\libnx.a(hid.o)
 .text.hidInitialize
                0x000000000000ace0      0x26c C:/devkitPro/libnx/lib\libnx.a(hid.o)
                0x000000000000ace0                hidInitialize
 *fill*         0x000000000000af4c        0x4 
 .text.hidExit  0x000000000000af50       0x48 C:/devkitPro/libnx/lib\libnx.a(hid.o)
                0x000000000000af50                hidExit
 *fill*         0x000000000000af98        0x8 
 .text.hidInitializeNpad
                0x000000000000afa0       0x84 C:/devkitPro/libnx/lib\libnx.a(hid.o)
                0x000000000000afa0                hidInitializeNpad
 *fill*         0x000000000000b024        0xc 
 .text.hidSetSupportedNpadStyleSet
                0x000000000000b030        0x8 C:/devkitPro/libnx/lib\libnx.a(hid.o)
                0x000000000000b030                hidSetSupportedNpadStyleSet
 *fill*         0x000000000000b038        0x8 
 .text.hidSetSupportedNpadIdType
                0x000000000000b040      0x100 C:/devkitPro/libnx/lib\libnx.a(hid.o)
                0x000000000000b040                hidSetSupportedNpadIdType
 .text.nwindowGetDefault
                0x000000000000b140        0xc C:/devkitPro/libnx/lib\libnx.a(default_window.o)
                0x000000000000b140                nwindowGetDefault
 *fill*         0x000000000000b14c        0x4 
 .text.__nx_win_init
                0x000000000000b150       0xa4 C:/devkitPro/libnx/lib\libnx.a(default_window.o)
                0x000000000000b150                __nx_win_init
 *fill*         0x000000000000b1f4        0xc 
 .text.__nx_win_exit
                0x000000000000b200       0x34 C:/devkitPro/libnx/lib\libnx.a(default_window.o)
                0x000000000000b200                __nx_win_exit
 *fill*         0x000000000000b234        0xc 
 .text.framebufferMakeLinear
                0x000000000000b240       0x8c C:/devkitPro/libnx/lib\libnx.a(framebuffer.o)
                0x000000000000b240                framebufferMakeLinear
 *fill*         0x000000000000b2cc        0x4 
 .text.framebufferClose
                0x000000000000b2d0       0x84 C:/devkitPro/libnx/lib\libnx.a(framebuffer.o)
                0x000000000000b2d0                framebufferClose
 *fill*         0x000000000000b354        0xc 
 .text.framebufferCreate
                0x000000000000b360      0x290 C:/devkitPro/libnx/lib\libnx.a(framebuffer.o)
                0x000000000000b360                framebufferCreate
 .text.framebufferBegin
                0x000000000000b5f0       0x7c C:/devkitPro/libnx/lib\libnx.a(framebuffer.o)
                0x000000000000b5f0                framebufferBegin
 *fill*         0x000000000000b66c        0x4 
 .text.framebufferEnd
                0x000000000000b670      0x190 C:/devkitPro/libnx/lib\libnx.a(framebuffer.o)
                0x000000000000b670                framebufferEnd
 .text.nwindowIsValid
                0x000000000000b800       0x24 C:/devkitPro/libnx/lib\libnx.a(native_window.o)
                0x000000000000b800                nwindowIsValid
 *fill*         0x000000000000b824        0xc 
 .text.nwindowClose
                0x000000000000b830       0x7c C:/devkitPro/libnx/lib\libnx.a(native_window.o)
                0x000000000000b830                nwindowClose
 *fill*         0x000000000000b8ac        0x4 
 .text.nwindowCreate
                0x000000000000b8b0       0xf8 C:/devkitPro/libnx/lib\libnx.a(native_window.o)
                0x000000000000b8b0                nwindowCreate
 *fill*         0x000000000000b9a8        0x8 
 .text.nwindowCreateFromLayer
                0x000000000000b9b0       0x38 C:/devkitPro/libnx/lib\libnx.a(native_window.o)
                0x000000000000b9b0                nwindowCreateFromLayer
 *fill*         0x000000000000b9e8        0x8 
 .text.nwindowSetDimensions
                0x000000000000b9f0       0x84 C:/devkitPro/libnx/lib\libnx.a(native_window.o)
                0x000000000000b9f0                nwindowSetDimensions
 *fill*         0x000000000000ba74        0xc 
 .text.nwindowConfigureBuffer
                0x000000000000ba80      0x180 C:/devkitPro/libnx/lib\libnx.a(native_window.o)
                0x000000000000ba80                nwindowConfigureBuffer
 .text.nwindowDequeueBuffer
                0x000000000000bc00      0x1cc C:/devkitPro/libnx/lib\libnx.a(native_window.o)
                0x000000000000bc00                nwindowDequeueBuffer
 *fill*         0x000000000000bdcc        0x4 
 .text.nwindowQueueBuffer
                0x000000000000bdd0      0x12c C:/devkitPro/libnx/lib\libnx.a(native_window.o)
                0x000000000000bdd0                nwindowQueueBuffer
 *fill*         0x000000000000befc        0x4 
 .text.nwindowReleaseBuffers
                0x000000000000bf00       0xbc C:/devkitPro/libnx/lib\libnx.a(native_window.o)
                0x000000000000bf00                nwindowReleaseBuffers
 *fill*         0x000000000000bfbc        0x4 
 .text.__libnx_alloc
                0x000000000000bfc0        0x4 C:/devkitPro/libnx/lib\libnx.a(alloc.o)
                0x000000000000bfc0                __libnx_alloc
 *fill*         0x000000000000bfc4        0xc 
 .text.__libnx_aligned_alloc
                0x000000000000bfd0       0x14 C:/devkitPro/libnx/lib\libnx.a(alloc.o)
                0x000000000000bfd0                __libnx_aligned_alloc
 *fill*         0x000000000000bfe4        0xc 
 .text.__libnx_free
                0x000000000000bff0        0x4 C:/devkitPro/libnx/lib\libnx.a(alloc.o)
                0x000000000000bff0                __libnx_free
 *fill*         0x000000000000bff4        0xc 
 .text.argvSetup
                0x000000000000c000      0x314 C:/devkitPro/libnx/lib\libnx.a(argv.o)
                0x000000000000c000                argvSetup
 *fill*         0x000000000000c314        0xc 
 .text.__nx_dynamic
                0x000000000000c320      0x1fc C:/devkitPro/libnx/lib\libnx.a(dynamic.o)
                0x000000000000c320                __nx_dynamic
 *fill*         0x000000000000c51c        0x4 
 .text.__libnx_initheap
                0x000000000000c520       0xd0 C:/devkitPro/libnx/lib\libnx.a(init.o)
                0x000000000000c520                __libnx_initheap
 .text.__appInit
                0x000000000000c5f0       0xec C:/devkitPro/libnx/lib\libnx.a(init.o)
                0x000000000000c5f0                __appInit
 *fill*         0x000000000000c6dc        0x4 
 .text.__appExit
                0x000000000000c6e0       0x44 C:/devkitPro/libnx/lib\libnx.a(init.o)
                0x000000000000c6e0                __appExit
 *fill*         0x000000000000c724        0xc 
 .text.__libnx_init
                0x000000000000c730       0x2c C:/devkitPro/libnx/lib\libnx.a(init.o)
                0x000000000000c730                __libnx_init
 *fill*         0x000000000000c75c        0x4 
 .text.__libnx_exit
                0x000000000000c760       0x1c C:/devkitPro/libnx/lib\libnx.a(init.o)
                0x000000000000c760                __libnx_exit
 *fill*         0x000000000000c77c        0x4 
 .text.__syscall_exit
                0x000000000000c780       0x1c C:/devkitPro/libnx/lib\libnx.a(newlib.o)
                0x000000000000c780                __syscall_exit
 *fill*         0x000000000000c79c        0x4 
 .text.__syscall_getreent
                0x000000000000c7a0       0x34 C:/devkitPro/libnx/lib\libnx.a(newlib.o)
                0x000000000000c7a0                __syscall_getreent
 *fill*         0x000000000000c7d4        0xc 
 .text.__syscall_lock_acquire
                0x000000000000c7e0        0x4 C:/devkitPro/libnx/lib\libnx.a(newlib.o)
                0x000000000000c7e0                __syscall_lock_acquire
 *fill*         0x000000000000c7e4        0xc 
 .text.__syscall_lock_release
                0x000000000000c7f0        0x4 C:/devkitPro/libnx/lib\libnx.a(newlib.o)
                0x000000000000c7f0                __syscall_lock_release
 *fill*         0x000000000000c7f4        0xc 
 .text.__syscall_lock_acquire_recursive
                0x000000000000c800        0x4 C:/devkitPro/libnx/lib\libnx.a(newlib.o)
                0x000000000000c800                __syscall_lock_acquire_recursive
 *fill*         0x000000000000c804        0xc 
 .text.__syscall_lock_release_recursive
                0x000000000000c810        0x4 C:/devkitPro/libnx/lib\libnx.a(newlib.o)
                0x000000000000c810                __syscall_lock_release_recursive
 *fill*         0x000000000000c814        0xc 
 .text.__libnx_init_time
                0x000000000000c820      0x25c C:/devkitPro/libnx/lib\libnx.a(newlib.o)
                0x000000000000c820                __libnx_init_time
 *fill*         0x000000000000ca7c        0x4 
 .text.__syscall_gettod_r
                0x000000000000ca80       0x88 C:/devkitPro/libnx/lib\libnx.a(newlib.o)
                0x000000000000ca80                __syscall_gettod_r
 *fill*         0x000000000000cb08        0x8 
 .text.newlibSetup
                0x000000000000cb10       0x98 C:/devkitPro/libnx/lib\libnx.a(newlib.o)
                0x000000000000cb10                newlibSetup
 *fill*         0x000000000000cba8        0x8 
 .text.nxlinkSetup
                0x000000000000cbb0       0xe8 C:/devkitPro/libnx/lib\libnx.a(nxlink.o)
                0x000000000000cbb0                nxlinkSetup
 *fill*         0x000000000000cc98        0x8 
 .text.fsdev_link
                0x000000000000cca0       0x10 C:/devkitPro/libnx/lib\libnx.a(fs_dev.o)
 .text.fsdev_dirreset
                0x000000000000ccb0       0x10 C:/devkitPro/libnx/lib\libnx.a(fs_dev.o)
 .text.fsdev_chmod
                0x000000000000ccc0       0x10 C:/devkitPro/libnx/lib\libnx.a(fs_dev.o)
 .text.error_cmp
                0x000000000000ccd0       0x18 C:/devkitPro/libnx/lib\libnx.a(fs_dev.o)
 *fill*         0x000000000000cce8        0x8 
 .text.fsdev_dirclose
                0x000000000000ccf0       0x20 C:/devkitPro/libnx/lib\libnx.a(fs_dev.o)
 .text.fsdev_close
                0x000000000000cd10       0x1c C:/devkitPro/libnx/lib\libnx.a(fs_dev.o)
 *fill*         0x000000000000cd2c        0x4 
 .text.fsdev_converttimetoutc
                0x000000000000cd30       0x74 C:/devkitPro/libnx/lib\libnx.a(fs_dev.o)
 *fill*         0x000000000000cda4        0xc 
 .text.fsdevFindDevice.part.0
                0x000000000000cdb0       0xd4 C:/devkitPro/libnx/lib\libnx.a(fs_dev.o)
 *fill*         0x000000000000ce84        0xc 
 .text.fsdev_fixpath
                0x000000000000ce90      0x1cc C:/devkitPro/libnx/lib\libnx.a(fs_dev.o)
 *fill*         0x000000000000d05c        0x4 
 .text._fsdevUnmountDeviceStruct.part.0
                0x000000000000d060       0x9c C:/devkitPro/libnx/lib\libnx.a(fs_dev.o)
 *fill*         0x000000000000d0fc        0x4 
 .text.fsdev_fchmod
                0x000000000000d100       0x10 C:/devkitPro/libnx/lib\libnx.a(fs_dev.o)
 .text.fsdev_diropen
                0x000000000000d110      0x100 C:/devkitPro/libnx/lib\libnx.a(fs_dev.o)
 .text.fsdev_statvfs
                0x000000000000d210       0xf8 C:/devkitPro/libnx/lib\libnx.a(fs_dev.o)
 *fill*         0x000000000000d308        0x8 
 .text.fsdev_fsync
                0x000000000000d310       0x7c C:/devkitPro/libnx/lib\libnx.a(fs_dev.o)
 *fill*         0x000000000000d38c        0x4 
 .text.fsdev_fstat
                0x000000000000d390       0xec C:/devkitPro/libnx/lib\libnx.a(fs_dev.o)
 *fill*         0x000000000000d47c        0x4 
 .text.fsdev_ftruncate
                0x000000000000d480       0x94 C:/devkitPro/libnx/lib\libnx.a(fs_dev.o)
 *fill*         0x000000000000d514        0xc 
 .text.fsdev_stat
                0x000000000000d520      0x1d8 C:/devkitPro/libnx/lib\libnx.a(fs_dev.o)
 *fill*         0x000000000000d6f8        0x8 
 .text.fsdev_rename
                0x000000000000d700      0x14c C:/devkitPro/libnx/lib\libnx.a(fs_dev.o)
 *fill*         0x000000000000d84c        0x4 
 .text.fsdev_chdir
                0x000000000000d850      0x13c C:/devkitPro/libnx/lib\libnx.a(fs_dev.o)
 *fill*         0x000000000000d98c        0x4 
 .text.fsdev_rmdir
                0x000000000000d990       0xa4 C:/devkitPro/libnx/lib\libnx.a(fs_dev.o)
 *fill*         0x000000000000da34        0xc 
 .text.fsdev_mkdir
                0x000000000000da40       0xa4 C:/devkitPro/libnx/lib\libnx.a(fs_dev.o)
 *fill*         0x000000000000dae4        0xc 
 .text.fsdev_unlink
                0x000000000000daf0       0xa4 C:/devkitPro/libnx/lib\libnx.a(fs_dev.o)
 *fill*         0x000000000000db94        0xc 
 .text.fsdev_write_safe
                0x000000000000dba0      0x13c C:/devkitPro/libnx/lib\libnx.a(fs_dev.o)
 *fill*         0x000000000000dcdc        0x4 
 .text.fsdev_read_safe
                0x000000000000dce0      0x134 C:/devkitPro/libnx/lib\libnx.a(fs_dev.o)
 *fill*         0x000000000000de14        0xc 
 .text.fsdev_read
                0x000000000000de20      0x100 C:/devkitPro/libnx/lib\libnx.a(fs_dev.o)
 .text.fsdev_dirnext
                0x000000000000df20      0x1d4 C:/devkitPro/libnx/lib\libnx.a(fs_dev.o)
 *fill*         0x000000000000e0f4        0xc 
 .text.fsdev_write
                0x000000000000e100      0x124 C:/devkitPro/libnx/lib\libnx.a(fs_dev.o)
 *fill*         0x000000000000e224        0xc 
 .text.fsdev_seek
                0x000000000000e230      0x110 C:/devkitPro/libnx/lib\libnx.a(fs_dev.o)
 .text.fsdev_open
                0x000000000000e340      0x230 C:/devkitPro/libnx/lib\libnx.a(fs_dev.o)
 .text.fsdevMountDevice
                0x000000000000e570      0x324 C:/devkitPro/libnx/lib\libnx.a(fs_dev.o)
                0x000000000000e570                fsdevMountDevice
 *fill*         0x000000000000e894        0xc 
 .text.fsdevMountSdmc
                0x000000000000e8a0       0x40 C:/devkitPro/libnx/lib\libnx.a(fs_dev.o)
                0x000000000000e8a0                fsdevMountSdmc
 .text.__libnx_init_cwd
                0x000000000000e8e0       0xbc C:/devkitPro/libnx/lib\libnx.a(fs_dev.o)
                0x000000000000e8e0                __libnx_init_cwd
 *fill*         0x000000000000e99c        0x4 
 .text.fsdevUnmountAll
                0x000000000000e9a0       0x64 C:/devkitPro/libnx/lib\libnx.a(fs_dev.o)
                0x000000000000e9a0                fsdevUnmountAll
 *fill*         0x000000000000ea04        0xc 
 .text.fsdevTranslatePath
                0x000000000000ea10       0x84 C:/devkitPro/libnx/lib\libnx.a(fs_dev.o)
                0x000000000000ea10                fsdevTranslatePath
 *fill*         0x000000000000ea94        0xc 
 .text.decode_utf8
                0x000000000000eaa0      0x128 C:/devkitPro/libnx/lib\libnx.a(decode_utf8.o)
                0x000000000000eaa0                decode_utf8
 .text.armDCacheFlush
                0x000000000000ebc8       0x4c C:/devkitPro/libnx/lib\libnx.a(cache.o)
                0x000000000000ebc8                armDCacheFlush
 .text.__libnx_exception_entry
                0x000000000000ec14      0x1c0 C:/devkitPro/libnx/lib\libnx.a(exception.o)
                0x000000000000ec14                __libnx_exception_entry
 .text.__libnx_exception_returnentry
                0x000000000000edd4       0x18 C:/devkitPro/libnx/lib\libnx.a(exception.o)
                0x000000000000edd4                __libnx_exception_returnentry
 *fill*         0x000000000000edec        0x4 
 .text.condvarWaitTimeout
                0x000000000000edf0       0x70 C:/devkitPro/libnx/lib\libnx.a(condvar.o)
                0x000000000000edf0                condvarWaitTimeout
 .text.randomGet
                0x000000000000ee60      0x410 C:/devkitPro/libnx/lib\libnx.a(random.o)
                0x000000000000ee60                randomGet
 .text.randomGet64
                0x000000000000f270       0x20 C:/devkitPro/libnx/lib\libnx.a(random.o)
                0x000000000000f270                randomGet64
 .text.shmemLoadRemote
                0x000000000000f290       0x14 C:/devkitPro/libnx/lib\libnx.a(shmem.o)
                0x000000000000f290                shmemLoadRemote
 *fill*         0x000000000000f2a4        0xc 
 .text.shmemMap
                0x000000000000f2b0       0x70 C:/devkitPro/libnx/lib\libnx.a(shmem.o)
                0x000000000000f2b0                shmemMap
 .text.shmemUnmap
                0x000000000000f320       0x34 C:/devkitPro/libnx/lib\libnx.a(shmem.o)
                0x000000000000f320                shmemUnmap
 *fill*         0x000000000000f354        0xc 
 .text.shmemClose
                0x000000000000f360       0x4c C:/devkitPro/libnx/lib\libnx.a(shmem.o)
                0x000000000000f360                shmemClose
 *fill*         0x000000000000f3ac        0x4 
 .text.__libnx_init_thread
                0x000000000000f3b0       0xb0 C:/devkitPro/libnx/lib\libnx.a(thread.o)
                0x000000000000f3b0                __libnx_init_thread
 .text.sessionmgrCreate
                0x000000000000f460      0x184 C:/devkitPro/libnx/lib\libnx.a(sessionmgr.o)
                0x000000000000f460                sessionmgrCreate
 *fill*         0x000000000000f5e4        0xc 
 .text.sessionmgrClose
                0x000000000000f5f0       0x84 C:/devkitPro/libnx/lib\libnx.a(sessionmgr.o)
                0x000000000000f5f0                sessionmgrClose
 *fill*         0x000000000000f674        0xc 
 .text.sessionmgrAttachClient
                0x000000000000f680       0xa8 C:/devkitPro/libnx/lib\libnx.a(sessionmgr.o)
                0x000000000000f680                sessionmgrAttachClient
 *fill*         0x000000000000f728        0x8 
 .text.sessionmgrDetachClient
                0x000000000000f730       0x60 C:/devkitPro/libnx/lib\libnx.a(sessionmgr.o)
                0x000000000000f730                sessionmgrDetachClient
 .text._nvCleanup
                0x000000000000f790       0xd0 C:/devkitPro/libnx/lib\libnx.a(nv.o)
 .text._nvCmdInitialize.constprop.0
                0x000000000000f860       0xd4 C:/devkitPro/libnx/lib\libnx.a(nv.o)
 *fill*         0x000000000000f934        0xc 
 .text.__nx_nv_create_tmem
                0x000000000000f940       0x18 C:/devkitPro/libnx/lib\libnx.a(nv.o)
                0x000000000000f940                __nx_nv_create_tmem
 *fill*         0x000000000000f958        0x8 
 .text.nvInitialize
                0x000000000000f960      0x3a8 C:/devkitPro/libnx/lib\libnx.a(nv.o)
                0x000000000000f960                nvInitialize
 *fill*         0x000000000000fd08        0x8 
 .text.nvExit   0x000000000000fd10       0x48 C:/devkitPro/libnx/lib\libnx.a(nv.o)
                0x000000000000fd10                nvExit
 *fill*         0x000000000000fd58        0x8 
 .text.nvConvertError
                0x000000000000fd60       0xf4 C:/devkitPro/libnx/lib\libnx.a(nv.o)
                0x000000000000fd60                nvConvertError
 *fill*         0x000000000000fe54        0xc 
 .text.nvOpen   0x000000000000fe60      0x114 C:/devkitPro/libnx/lib\libnx.a(nv.o)
                0x000000000000fe60                nvOpen
 *fill*         0x000000000000ff74        0xc 
 .text.nvIoctl  0x000000000000ff80      0x310 C:/devkitPro/libnx/lib\libnx.a(nv.o)
                0x000000000000ff80                nvIoctl
 .text.nvClose  0x0000000000010290       0xd4 C:/devkitPro/libnx/lib\libnx.a(nv.o)
                0x0000000000010290                nvClose
 *fill*         0x0000000000010364        0xc 
 .text.nvQueryEvent
                0x0000000000010370      0x10c C:/devkitPro/libnx/lib\libnx.a(nv.o)
                0x0000000000010370                nvQueryEvent
 *fill*         0x000000000001047c        0x4 
 .text._setsysGetFirmwareVersionImpl
                0x0000000000010480       0xd0 C:/devkitPro/libnx/lib\libnx.a(set.o)
 .text._setsysCleanup
                0x0000000000010550       0x78 C:/devkitPro/libnx/lib\libnx.a(set.o)
 *fill*         0x00000000000105c8        0x8 
 .text.setsysInitialize
                0x00000000000105d0       0xa0 C:/devkitPro/libnx/lib\libnx.a(set.o)
                0x00000000000105d0                setsysInitialize
 .text.setsysExit
                0x0000000000010670       0x48 C:/devkitPro/libnx/lib\libnx.a(set.o)
                0x0000000000010670                setsysExit
 *fill*         0x00000000000106b8        0x8 
 .text.setsysGetFirmwareVersion
                0x00000000000106c0       0x48 C:/devkitPro/libnx/lib\libnx.a(set.o)
                0x00000000000106c0                setsysGetFirmwareVersion
 *fill*         0x0000000000010708        0x8 
 .text._timeCleanup
                0x0000000000010710      0x27c C:/devkitPro/libnx/lib\libnx.a(time.o)
 *fill*         0x000000000001098c        0x4 
 .text._timeCmdGetSession.constprop.0
                0x0000000000010990      0x100 C:/devkitPro/libnx/lib\libnx.a(time.o)
 .text._timeReadClockFromSharedMem
                0x0000000000010a90      0x104 C:/devkitPro/libnx/lib\libnx.a(time.o)
 *fill*         0x0000000000010b94        0xc 
 .text.timeInitialize
                0x0000000000010ba0      0x300 C:/devkitPro/libnx/lib\libnx.a(time.o)
                0x0000000000010ba0                timeInitialize
 .text.timeExit
                0x0000000000010ea0       0x48 C:/devkitPro/libnx/lib\libnx.a(time.o)
                0x0000000000010ea0                timeExit
 *fill*         0x0000000000010ee8        0x8 
 .text.timeGetServiceSession_SystemClock
                0x0000000000010ef0       0x38 C:/devkitPro/libnx/lib\libnx.a(time.o)
                0x0000000000010ef0                timeGetServiceSession_SystemClock
 *fill*         0x0000000000010f28        0x8 
 .text.timeGetCurrentTime
                0x0000000000010f30       0xfc C:/devkitPro/libnx/lib\libnx.a(time.o)
                0x0000000000010f30                timeGetCurrentTime
 *fill*         0x000000000001102c        0x4 
 .text.timeToCalendarTimeWithMyRule
                0x0000000000011030      0x108 C:/devkitPro/libnx/lib\libnx.a(time.o)
                0x0000000000011030                timeToCalendarTimeWithMyRule
 *fill*         0x0000000000011138        0x8 
 .text.timeToPosixTimeWithMyRule
                0x0000000000011140      0x114 C:/devkitPro/libnx/lib\libnx.a(time.o)
                0x0000000000011140                timeToPosixTimeWithMyRule
 *fill*         0x0000000000011254        0xc 
 .text._viCleanup
                0x0000000000011260      0x230 C:/devkitPro/libnx/lib\libnx.a(vi.o)
 .text._viCmdGetSessionNoParams.constprop.0
                0x0000000000011490      0x100 C:/devkitPro/libnx/lib\libnx.a(vi.o)
 .text.viInitialize
                0x0000000000011590      0x368 C:/devkitPro/libnx/lib\libnx.a(vi.o)
                0x0000000000011590                viInitialize
 *fill*         0x00000000000118f8        0x8 
 .text.viExit   0x0000000000011900       0x48 C:/devkitPro/libnx/lib\libnx.a(vi.o)
                0x0000000000011900                viExit
 *fill*         0x0000000000011948        0x8 
 .text.viGetSession_IHOSBinderDriverRelay
                0x0000000000011950        0xc C:/devkitPro/libnx/lib\libnx.a(vi.o)
                0x0000000000011950                viGetSession_IHOSBinderDriverRelay
 *fill*         0x000000000001195c        0x4 
 .text.viOpenDisplay
                0x0000000000011960      0x10c C:/devkitPro/libnx/lib\libnx.a(vi.o)
                0x0000000000011960                viOpenDisplay
 *fill*         0x0000000000011a6c        0x4 
 .text.viCloseDisplay
                0x0000000000011a70       0xec C:/devkitPro/libnx/lib\libnx.a(vi.o)
                0x0000000000011a70                viCloseDisplay
 *fill*         0x0000000000011b5c        0x4 
 .text.viCloseLayer
                0x0000000000011b60       0xf4 C:/devkitPro/libnx/lib\libnx.a(vi.o)
                0x0000000000011b60                viCloseLayer
 *fill*         0x0000000000011c54        0xc 
 .text.viCreateLayer
                0x0000000000011c60      0x394 C:/devkitPro/libnx/lib\libnx.a(vi.o)
                0x0000000000011c60                viCreateLayer
 *fill*         0x0000000000011ff4        0xc 
 .text.viSetLayerScalingMode
                0x0000000000012000       0xd8 C:/devkitPro/libnx/lib\libnx.a(vi.o)
                0x0000000000012000                viSetLayerScalingMode
 *fill*         0x00000000000120d8        0x8 
 .text._nvFenceCleanup
                0x00000000000120e0       0x74 C:/devkitPro/libnx/lib\libnx.a(fence.o)
 *fill*         0x0000000000012154        0xc 
 .text.nvFenceInit
                0x0000000000012160       0x98 C:/devkitPro/libnx/lib\libnx.a(fence.o)
                0x0000000000012160                nvFenceInit
 *fill*         0x00000000000121f8        0x8 
 .text.nvFenceExit
                0x0000000000012200       0x48 C:/devkitPro/libnx/lib\libnx.a(fence.o)
                0x0000000000012200                nvFenceExit
 *fill*         0x0000000000012248        0x8 
 .text.nvFenceWait
                0x0000000000012250      0x290 C:/devkitPro/libnx/lib\libnx.a(fence.o)
                0x0000000000012250                nvFenceWait
 .text.nvMultiFenceWait
                0x00000000000124e0       0x7c C:/devkitPro/libnx/lib\libnx.a(fence.o)
                0x00000000000124e0                nvMultiFenceWait
 *fill*         0x000000000001255c        0x4 
 .text.nvMapInit
                0x0000000000012560       0xac C:/devkitPro/libnx/lib\libnx.a(map.o)
                0x0000000000012560                nvMapInit
 *fill*         0x000000000001260c        0x4 
 .text.nvMapExit
                0x0000000000012610       0x74 C:/devkitPro/libnx/lib\libnx.a(map.o)
                0x0000000000012610                nvMapExit
 *fill*         0x0000000000012684        0xc 
 .text.nvMapClose
                0x0000000000012690       0x8c C:/devkitPro/libnx/lib\libnx.a(map.o)
                0x0000000000012690                nvMapClose
 *fill*         0x000000000001271c        0x4 
 .text.nvMapCreate
                0x0000000000012720      0x160 C:/devkitPro/libnx/lib\libnx.a(map.o)
                0x0000000000012720                nvMapCreate
 .text.nvioctlNvhostCtrl_EventSignal
                0x0000000000012880       0x24 C:/devkitPro/libnx/lib\libnx.a(nvhost-ctrl.o)
                0x0000000000012880                nvioctlNvhostCtrl_EventSignal
 *fill*         0x00000000000128a4        0xc 
 .text.nvioctlNvhostCtrl_EventWait
                0x00000000000128b0       0x3c C:/devkitPro/libnx/lib\libnx.a(nvhost-ctrl.o)
                0x00000000000128b0                nvioctlNvhostCtrl_EventWait
 *fill*         0x00000000000128ec        0x4 
 .text.nvioctlNvhostCtrl_EventWaitAsync
                0x00000000000128f0       0x28 C:/devkitPro/libnx/lib\libnx.a(nvhost-ctrl.o)
                0x00000000000128f0                nvioctlNvhostCtrl_EventWaitAsync
 *fill*         0x0000000000012918        0x8 
 .text.nvioctlNvhostCtrl_EventRegister
                0x0000000000012920       0x24 C:/devkitPro/libnx/lib\libnx.a(nvhost-ctrl.o)
                0x0000000000012920                nvioctlNvhostCtrl_EventRegister
 *fill*         0x0000000000012944        0xc 
 .text.nvioctlNvhostCtrl_EventUnregister
                0x0000000000012950       0x24 C:/devkitPro/libnx/lib\libnx.a(nvhost-ctrl.o)
                0x0000000000012950                nvioctlNvhostCtrl_EventUnregister
 *fill*         0x0000000000012974        0xc 
 .text.nvioctlNvmap_Create
                0x0000000000012980       0x3c C:/devkitPro/libnx/lib\libnx.a(nvmap.o)
                0x0000000000012980                nvioctlNvmap_Create
 *fill*         0x00000000000129bc        0x4 
 .text.nvioctlNvmap_Alloc
                0x00000000000129c0       0x30 C:/devkitPro/libnx/lib\libnx.a(nvmap.o)
                0x00000000000129c0                nvioctlNvmap_Alloc
 .text.nvioctlNvmap_Free
                0x00000000000129f0       0x30 C:/devkitPro/libnx/lib\libnx.a(nvmap.o)
                0x00000000000129f0                nvioctlNvmap_Free
 .text.nvioctlNvmap_GetId
                0x0000000000012a20       0x3c C:/devkitPro/libnx/lib\libnx.a(nvmap.o)
                0x0000000000012a20                nvioctlNvmap_GetId
 *fill*         0x0000000000012a5c        0x4 
 .text.binderCreate
                0x0000000000012a60       0x1c C:/devkitPro/libnx/lib\libnx.a(binder.o)
                0x0000000000012a60                binderCreate
 *fill*         0x0000000000012a7c        0x4 
 .text.binderTransactParcel
                0x0000000000012a80      0x35c C:/devkitPro/libnx/lib\libnx.a(binder.o)
                0x0000000000012a80                binderTransactParcel
 *fill*         0x0000000000012ddc        0x4 
 .text.binderConvertErrorCode
                0x0000000000012de0       0xe8 C:/devkitPro/libnx/lib\libnx.a(binder.o)
                0x0000000000012de0                binderConvertErrorCode
 *fill*         0x0000000000012ec8        0x8 
 .text.binderAdjustRefcount
                0x0000000000012ed0      0x124 C:/devkitPro/libnx/lib\libnx.a(binder.o)
                0x0000000000012ed0                binderAdjustRefcount
 *fill*         0x0000000000012ff4        0xc 
 .text.binderInitSession
                0x0000000000013000       0x9c C:/devkitPro/libnx/lib\libnx.a(binder.o)
                0x0000000000013000                binderInitSession
 *fill*         0x000000000001309c        0x4 
 .text.binderClose
                0x00000000000130a0       0x5c C:/devkitPro/libnx/lib\libnx.a(binder.o)
                0x00000000000130a0                binderClose
 *fill*         0x00000000000130fc        0x4 
 .text.binderGetNativeHandle
                0x0000000000013100      0x154 C:/devkitPro/libnx/lib\libnx.a(binder.o)
                0x0000000000013100                binderGetNativeHandle
 *fill*         0x0000000000013254        0xc 
 .text.bqRequestBuffer
                0x0000000000013260       0xc8 C:/devkitPro/libnx/lib\libnx.a(buffer_producer.o)
                0x0000000000013260                bqRequestBuffer
 *fill*         0x0000000000013328        0x8 
 .text.bqDequeueBuffer
                0x0000000000013330      0x128 C:/devkitPro/libnx/lib\libnx.a(buffer_producer.o)
                0x0000000000013330                bqDequeueBuffer
 *fill*         0x0000000000013458        0x8 
 .text.bqQueueBuffer
                0x0000000000013460       0xc8 C:/devkitPro/libnx/lib\libnx.a(buffer_producer.o)
                0x0000000000013460                bqQueueBuffer
 *fill*         0x0000000000013528        0x8 
 .text.bqCancelBuffer
                0x0000000000013530       0x84 C:/devkitPro/libnx/lib\libnx.a(buffer_producer.o)
                0x0000000000013530                bqCancelBuffer
 *fill*         0x00000000000135b4        0xc 
 .text.bqConnect
                0x00000000000135c0       0xd0 C:/devkitPro/libnx/lib\libnx.a(buffer_producer.o)
                0x00000000000135c0                bqConnect
 .text.bqDisconnect
                0x0000000000013690       0x88 C:/devkitPro/libnx/lib\libnx.a(buffer_producer.o)
                0x0000000000013690                bqDisconnect
 *fill*         0x0000000000013718        0x8 
 .text.bqSetPreallocatedBuffer
                0x0000000000013720      0x194 C:/devkitPro/libnx/lib\libnx.a(buffer_producer.o)
                0x0000000000013720                bqSetPreallocatedBuffer
 *fill*         0x00000000000138b4        0xc 
 .text.parcelCreate
                0x00000000000138c0       0x30 C:/devkitPro/libnx/lib\libnx.a(parcel.o)
                0x00000000000138c0                parcelCreate
 .text.parcelTransact
                0x00000000000138f0      0x174 C:/devkitPro/libnx/lib\libnx.a(parcel.o)
                0x00000000000138f0                parcelTransact
 *fill*         0x0000000000013a64        0xc 
 .text.parcelWriteData
                0x0000000000013a70       0x80 C:/devkitPro/libnx/lib\libnx.a(parcel.o)
                0x0000000000013a70                parcelWriteData
 .text.parcelReadData
                0x0000000000013af0       0x88 C:/devkitPro/libnx/lib\libnx.a(parcel.o)
                0x0000000000013af0                parcelReadData
 *fill*         0x0000000000013b78        0x8 
 .text.parcelWriteInt32
                0x0000000000013b80       0x20 C:/devkitPro/libnx/lib\libnx.a(parcel.o)
                0x0000000000013b80                parcelWriteInt32
 .text.parcelWriteUInt32
                0x0000000000013ba0       0x20 C:/devkitPro/libnx/lib\libnx.a(parcel.o)
                0x0000000000013ba0                parcelWriteUInt32
 .text.parcelWriteString16
                0x0000000000013bc0       0x7c C:/devkitPro/libnx/lib\libnx.a(parcel.o)
                0x0000000000013bc0                parcelWriteString16
 *fill*         0x0000000000013c3c        0x4 
 .text.parcelWriteInterfaceToken
                0x0000000000013c40       0x30 C:/devkitPro/libnx/lib\libnx.a(parcel.o)
                0x0000000000013c40                parcelWriteInterfaceToken
 .text.parcelReadInt32
                0x0000000000013c70       0x24 C:/devkitPro/libnx/lib\libnx.a(parcel.o)
                0x0000000000013c70                parcelReadInt32
 *fill*         0x0000000000013c94        0xc 
 .text.parcelReadFlattenedObject
                0x0000000000013ca0       0x68 C:/devkitPro/libnx/lib\libnx.a(parcel.o)
                0x0000000000013ca0                parcelReadFlattenedObject
 *fill*         0x0000000000013d08        0x8 
 .text.parcelWriteFlattenedObject
                0x0000000000013d10       0x44 C:/devkitPro/libnx/lib\libnx.a(parcel.o)
                0x0000000000013d10                parcelWriteFlattenedObject
 *fill*         0x0000000000013d54        0xc 
 .text._fgets_r
                0x0000000000013d60      0x184 C:/devkitPro/devkitA64/bin/../lib/gcc/aarch64-none-elf/15.1.0/../../../../aarch64-none-elf/lib/pic\libg.a(libc_a-fgets.o)
                0x0000000000013d60                _fgets_r
 *fill*         0x0000000000013ee4       0x1c 
 .text.fgets    0x0000000000013f00       0x34 C:/devkitPro/devkitA64/bin/../lib/gcc/aarch64-none-elf/15.1.0/../../../../aarch64-none-elf/lib/pic\libg.a(libc_a-fgets.o)
                0x0000000000013f00                fgets
 *fill*         0x0000000000013f34        0xc 
 .text._fclose_r
                0x0000000000013f40      0x130 C:/devkitPro/devkitA64/bin/../lib/gcc/aarch64-none-elf/15.1.0/../../../../aarch64-none-elf/lib/pic\libg.a(libc_a-fclose.o)
                0x0000000000013f40                _fclose_r
 *fill*         0x0000000000014070       0x10 
 .text.fclose   0x0000000000014080       0x1c C:/devkitPro/devkitA64/bin/../lib/gcc/aarch64-none-elf/15.1.0/../../../../aarch64-none-elf/lib/pic\libg.a(libc_a-fclose.o)
                0x0000000000014080                fclose
 *fill*         0x000000000001409c       0x24 
 .text          0x00000000000140c0      0x104 C:/devkitPro/devkitA64/bin/../lib/gcc/aarch64-none-elf/15.1.0/../../../../aarch64-none-elf/lib/pic\libg.a(libc_a-memset.o)
                0x00000000000140c0                memset
 *fill*         0x00000000000141c4       0x1c 
 .text.setenv   0x00000000000141e0       0x34 C:/devkitPro/devkitA64/bin/../lib/gcc/aarch64-none-elf/15.1.0/../../../../aarch64-none-elf/lib/pic\libg.a(libc_a-setenv.o)
                0x00000000000141e0                setenv
 *fill*         0x0000000000014214       0x2c 
 .text          0x0000000000014240      0x134 C:/devkitPro/devkitA64/bin/../lib/gcc/aarch64-none-elf/15.1.0/../../../../aarch64-none-elf/lib/pic\libg.a(libc_a-strcmp.o)
                0x0000000000014240                strcmp
 *fill*         0x0000000000014374        0xc 
 .text          0x0000000000014380      0x1b4 C:/devkitPro/devkitA64/bin/../lib/gcc/aarch64-none-elf/15.1.0/../../../../aarch64-none-elf/lib/pic\libg.a(libc_a-strncmp.o)
                0x0000000000014380                strncmp
 *fill*         0x0000000000014534        0xc 
 .text          0x0000000000014540       0xdc C:/devkitPro/devkitA64/bin/../lib/gcc/aarch64-none-elf/15.1.0/../../../../aarch64-none-elf/lib/pic\libg.a(libc_a-memchr.o)
                0x0000000000014540                memchr
 *fill*         0x000000000001461c        0x4 
 .text.stdio_exit_handler
                0x0000000000014620       0x1c C:/devkitPro/devkitA64/bin/../lib/gcc/aarch64-none-elf/15.1.0/../../../../aarch64-none-elf/lib/pic\libg.a(libc_a-findfp.o)
 *fill*         0x000000000001463c        0x4 
 .text.cleanup_stdio
                0x0000000000014640       0x6c C:/devkitPro/devkitA64/bin/../lib/gcc/aarch64-none-elf/15.1.0/../../../../aarch64-none-elf/lib/pic\libg.a(libc_a-findfp.o)
 *fill*         0x00000000000146ac       0x14 
 .text.global_stdio_init.part.0
                0x00000000000146c0      0x134 C:/devkitPro/devkitA64/bin/../lib/gcc/aarch64-none-elf/15.1.0/../../../../aarch64-none-elf/lib/pic\libg.a(libc_a-findfp.o)
 *fill*         0x00000000000147f4        0xc 
 .text.__sfp_lock_acquire
                0x0000000000014800        0xc C:/devkitPro/devkitA64/bin/../lib/gcc/aarch64-none-elf/15.1.0/../../../../aarch64-none-elf/lib/pic\libg.a(libc_a-findfp.o)
                0x0000000000014800                __sfp_lock_acquire
 *fill*         0x000000000001480c       0x14 
 .text.__sfp_lock_release
                0x0000000000014820        0xc C:/devkitPro/devkitA64/bin/../lib/gcc/aarch64-none-elf/15.1.0/../../../../aarch64-none-elf/lib/pic\libg.a(libc_a-findfp.o)
                0x0000000000014820                __sfp_lock_release
 *fill*         0x000000000001482c       0x14 
 .text.__sfp    0x0000000000014840      0x138 C:/devkitPro/devkitA64/bin/../lib/gcc/aarch64-none-elf/15.1.0/../../../../aarch64-none-elf/lib/pic\libg.a(libc_a-findfp.o)
                0x0000000000014840                __sfp
 *fill*         0x0000000000014978        0x8 
 .text.__sinit  0x0000000000014980       0x54 C:/devkitPro/devkitA64/bin/../lib/gcc/aarch64-none-elf/15.1.0/../../../../aarch64-none-elf/lib/pic\libg.a(libc_a-findfp.o)
                0x0000000000014980                __sinit
 *fill*         0x00000000000149d4        0xc 
 .text._strtoul_l.isra.0
                0x00000000000149e0      0x1a4 C:/devkitPro/devkitA64/bin/../lib/gcc/aarch64-none-elf/15.1.0/../../../../aarch64-none-elf/lib/pic\libg.a(libc_a-strtoul.o)
 *fill*         0x0000000000014b84       0x1c 
 .text.strtoul  0x0000000000014ba0       0x40 C:/devkitPro/devkitA64/bin/../lib/gcc/aarch64-none-elf/15.1.0/../../../../aarch64-none-elf/lib/pic\libg.a(libc_a-strtoul.o)
                0x0000000000014ba0                strtoul
 .text.__libc_init_array
                0x0000000000014be0       0xa4 C:/devkitPro/devkitA64/bin/../lib/gcc/aarch64-none-elf/15.1.0/../../../../aarch64-none-elf/lib/pic\libg.a(libc_a-init.o)
                0x0000000000014be0                __libc_init_array
 *fill*         0x0000000000014c84       0x1c 
 .text.strncat  0x0000000000014ca0       0x88 C:/devkitPro/devkitA64/bin/../lib/gcc/aarch64-none-elf/15.1.0/../../../../aarch64-none-elf/lib/pic\libg.a(libc_a-strncat.o)
                0x0000000000014ca0                strncat
 *fill*         0x0000000000014d28       0x18 
 .text._fwalk_sglue
                0x0000000000014d40       0x98 C:/devkitPro/devkitA64/bin/../lib/gcc/aarch64-none-elf/15.1.0/../../../../aarch64-none-elf/lib/pic\libg.a(libc_a-fwalk.o)
                0x0000000000014d40                _fwalk_sglue
 *fill*         0x0000000000014dd8        0x8 
 .text.bsearch  0x0000000000014de0       0xb4 C:/devkitPro/devkitA64/bin/../lib/gcc/aarch64-none-elf/15.1.0/../../../../aarch64-none-elf/lib/pic\libg.a(libc_a-bsearch.o)
                0x0000000000014de0                bsearch
 *fill*         0x0000000000014e94        0xc 
 .text.__errno  0x0000000000014ea0       0x14 C:/devkitPro/devkitA64/bin/../lib/gcc/aarch64-none-elf/15.1.0/../../../../aarch64-none-elf/lib/pic\libg.a(libc_a-errno.o)
                0x0000000000014ea0                __errno
 *fill*         0x0000000000014eb4        0xc 
 .text          0x0000000000014ec0       0xcc C:/devkitPro/devkitA64/bin/../lib/gcc/aarch64-none-elf/15.1.0/../../../../aarch64-none-elf/lib/pic\libg.a(libc_a-strchr.o)
                0x0000000000014ec0                strchr
 *fill*         0x0000000000014f8c       0x14 
 .text.aligned_alloc
                0x0000000000014fa0       0x2c C:/devkitPro/devkitA64/bin/../lib/gcc/aarch64-none-elf/15.1.0/../../../../aarch64-none-elf/lib/pic\libg.a(libc_a-aligned_alloc.o)
                0x0000000000014fa0                aligned_alloc
 *fill*         0x0000000000014fcc       0x14 
 .text._puts_r  0x0000000000014fe0       0xd4 C:/devkitPro/devkitA64/bin/../lib/gcc/aarch64-none-elf/15.1.0/../../../../aarch64-none-elf/lib/pic\libg.a(libc_a-puts.o)
                0x0000000000014fe0                _puts_r
 *fill*         0x00000000000150b4        0xc 
 .text.puts     0x00000000000150c0       0x1c C:/devkitPro/devkitA64/bin/../lib/gcc/aarch64-none-elf/15.1.0/../../../../aarch64-none-elf/lib/pic\libg.a(libc_a-puts.o)
                0x00000000000150c0                puts
 *fill*         0x00000000000150dc       0x24 
 .text          0x0000000000015100      0x22c C:/devkitPro/devkitA64/bin/../lib/gcc/aarch64-none-elf/15.1.0/../../../../aarch64-none-elf/lib/pic\libg.a(libc_a-memcpy.o)
                0x0000000000015100                memcpy
                0x0000000000015100                memmove
 *fill*         0x000000000001532c       0x14 
 .text._fseek_r
                0x0000000000015340        0x4 C:/devkitPro/devkitA64/bin/../lib/gcc/aarch64-none-elf/15.1.0/../../../../aarch64-none-elf/lib/pic\libg.a(libc_a-fseek.o)
                0x0000000000015340                _fseek_r
 *fill*         0x0000000000015344       0x1c 
 .text.fseek    0x0000000000015360       0x34 C:/devkitPro/devkitA64/bin/../lib/gcc/aarch64-none-elf/15.1.0/../../../../aarch64-none-elf/lib/pic\libg.a(libc_a-fseek.o)
                0x0000000000015360                fseek
 *fill*         0x0000000000015394        0xc 
 .text.memalign
                0x00000000000153a0       0x2c C:/devkitPro/devkitA64/bin/../lib/gcc/aarch64-none-elf/15.1.0/../../../../aarch64-none-elf/lib/pic\libg.a(libc_a-malign.o)
                0x00000000000153a0                memalign
 *fill*         0x00000000000153cc       0x14 
 .text._malloc_r
                0x00000000000153e0      0x840 C:/devkitPro/devkitA64/bin/../lib/gcc/aarch64-none-elf/15.1.0/../../../../aarch64-none-elf/lib/pic\libg.a(libc_a-mallocr.o)
                0x00000000000153e0                _malloc_r
 .text._malloc_trim_r
                0x0000000000015c20      0x11c C:/devkitPro/devkitA64/bin/../lib/gcc/aarch64-none-elf/15.1.0/../../../../aarch64-none-elf/lib/pic\libg.a(libc_a-freer.o)
                0x0000000000015c20                _malloc_trim_r
 *fill*         0x0000000000015d3c        0x4 
 .text._free_r  0x0000000000015d40      0x2d8 C:/devkitPro/devkitA64/bin/../lib/gcc/aarch64-none-elf/15.1.0/../../../../aarch64-none-elf/lib/pic\libg.a(libc_a-freer.o)
                0x0000000000015d40                _free_r
 *fill*         0x0000000000016018        0x8 
 .text.snprintf
                0x0000000000016020       0xf8 C:/devkitPro/devkitA64/bin/../lib/gcc/aarch64-none-elf/15.1.0/../../../../aarch64-none-elf/lib/pic\libg.a(libc_a-snprintf.o)
                0x0000000000016020                snprintf
 .text.get_arg  0x0000000000016118      0x790 C:/devkitPro/devkitA64/bin/../lib/gcc/aarch64-none-elf/15.1.0/../../../../aarch64-none-elf/lib/pic\libg.a(libc_a-svfprintf.o)
 .text._svfprintf_r
                0x00000000000168a8     0x3a84 C:/devkitPro/devkitA64/bin/../lib/gcc/aarch64-none-elf/15.1.0/../../../../aarch64-none-elf/lib/pic\libg.a(libc_a-svfprintf.o)
                0x00000000000168a8                _svfprintf_r
 *fill*         0x000000000001a32c       0x14 
 .text.printf   0x000000000001a340       0x80 C:/devkitPro/devkitA64/bin/../lib/gcc/aarch64-none-elf/15.1.0/../../../../aarch64-none-elf/lib/pic\libg.a(libc_a-printf.o)
                0x000000000001a340                printf
 .text.malloc   0x000000000001a3c0       0x38 C:/devkitPro/devkitA64/bin/../lib/gcc/aarch64-none-elf/15.1.0/../../../../aarch64-none-elf/lib/pic\libg.a(libc_a-malloc.o)
                0x000000000001a3c0                malloc
 *fill*         0x000000000001a3f8        0x8 
 .text.free     0x000000000001a400       0x1c C:/devkitPro/devkitA64/bin/../lib/gcc/aarch64-none-elf/15.1.0/../../../../aarch64-none-elf/lib/pic\libg.a(libc_a-malloc.o)
                0x000000000001a400                free
 *fill*         0x000000000001a41c        0x4 
 .text.__sflush_r
                0x000000000001a420      0x1ec C:/devkitPro/devkitA64/bin/../lib/gcc/aarch64-none-elf/15.1.0/../../../../aarch64-none-elf/lib/pic\libg.a(libc_a-fflush.o)
                0x000000000001a420                __sflush_r
 *fill*         0x000000000001a60c       0x14 
 .text._fflush_r
                0x000000000001a620       0xbc C:/devkitPro/devkitA64/bin/../lib/gcc/aarch64-none-elf/15.1.0/../../../../aarch64-none-elf/lib/pic\libg.a(libc_a-fflush.o)
                0x000000000001a620                _fflush_r
 *fill*         0x000000000001a6dc        0x4 
 .text.time     0x000000000001a6e0       0x48 C:/devkitPro/devkitA64/bin/../lib/gcc/aarch64-none-elf/15.1.0/../../../../aarch64-none-elf/lib/pic\libg.a(libc_a-time.o)
                0x000000000001a6e0                time
 *fill*         0x000000000001a728       0x18 
 .text.lflush   0x000000000001a740       0x38 C:/devkitPro/devkitA64/bin/../lib/gcc/aarch64-none-elf/15.1.0/../../../../aarch64-none-elf/lib/pic\libg.a(libc_a-refill.o)
 *fill*         0x000000000001a778        0x8 
 .text.__srefill_r
                0x000000000001a780      0x190 C:/devkitPro/devkitA64/bin/../lib/gcc/aarch64-none-elf/15.1.0/../../../../aarch64-none-elf/lib/pic\libg.a(libc_a-refill.o)
                0x000000000001a780                __srefill_r
 *fill*         0x000000000001a910       0x10 
 .text.__swhatbuf_r
                0x000000000001a920       0xb0 C:/devkitPro/devkitA64/bin/../lib/gcc/aarch64-none-elf/15.1.0/../../../../aarch64-none-elf/lib/pic\libg.a(libc_a-makebuf.o)
                0x000000000001a920                __swhatbuf_r
 *fill*         0x000000000001a9d0       0x10 
 .text.__smakebuf_r
                0x000000000001a9e0       0xe8 C:/devkitPro/devkitA64/bin/../lib/gcc/aarch64-none-elf/15.1.0/../../../../aarch64-none-elf/lib/pic\libg.a(libc_a-makebuf.o)
                0x000000000001a9e0                __smakebuf_r
 *fill*         0x000000000001aac8       0x18 
 .text.gmtime   0x000000000001aae0       0x28 C:/devkitPro/devkitA64/bin/../lib/gcc/aarch64-none-elf/15.1.0/../../../../aarch64-none-elf/lib/pic\libg.a(libc_a-gmtime.o)
                0x000000000001aae0                gmtime
 *fill*         0x000000000001ab08       0x38 
 .text          0x000000000001ab40      0x130 C:/devkitPro/devkitA64/bin/../lib/gcc/aarch64-none-elf/15.1.0/../../../../aarch64-none-elf/lib/pic\libg.a(libc_a-strlen.o)
                0x000000000001ab40                strlen
 *fill*         0x000000000001ac70       0x10 
 .text._fread_r
                0x000000000001ac80      0x330 C:/devkitPro/devkitA64/bin/../lib/gcc/aarch64-none-elf/15.1.0/../../../../aarch64-none-elf/lib/pic\libg.a(libc_a-fread.o)
                0x000000000001ac80                _fread_r
 *fill*         0x000000000001afb0       0x10 
 .text.fread    0x000000000001afc0       0x34 C:/devkitPro/devkitA64/bin/../lib/gcc/aarch64-none-elf/15.1.0/../../../../aarch64-none-elf/lib/pic\libg.a(libc_a-fread.o)
                0x000000000001afc0                fread
 *fill*         0x000000000001aff4        0xc 
 .text          0x000000000001b000       0xb8 C:/devkitPro/devkitA64/bin/../lib/gcc/aarch64-none-elf/15.1.0/../../../../aarch64-none-elf/lib/pic\libg.a(libc_a-strnlen.o)
                0x000000000001b000                strnlen
 *fill*         0x000000000001b0b8        0x8 
 .text.__malloc_lock
                0x000000000001b0c0        0xc C:/devkitPro/devkitA64/bin/../lib/gcc/aarch64-none-elf/15.1.0/../../../../aarch64-none-elf/lib/pic\libg.a(libc_a-mlock.o)
                0x000000000001b0c0                __malloc_lock
 *fill*         0x000000000001b0cc       0x14 
 .text.__malloc_unlock
                0x000000000001b0e0        0xc C:/devkitPro/devkitA64/bin/../lib/gcc/aarch64-none-elf/15.1.0/../../../../aarch64-none-elf/lib/pic\libg.a(libc_a-mlock.o)
                0x000000000001b0e0                __malloc_unlock
 *fill*         0x000000000001b0ec       0x14 
 .text._setenv_r
                0x000000000001b100      0x258 C:/devkitPro/devkitA64/bin/../lib/gcc/aarch64-none-elf/15.1.0/../../../../aarch64-none-elf/lib/pic\libg.a(libc_a-setenv_r.o)
                0x000000000001b100                _setenv_r
 *fill*         0x000000000001b358       0x28 
 .text          0x000000000001b380      0x1c8 C:/devkitPro/devkitA64/bin/../lib/gcc/aarch64-none-elf/15.1.0/../../../../aarch64-none-elf/lib/pic\libg.a(libc_a-memcmp.o)
                0x000000000001b380                memcmp
 *fill*         0x000000000001b548       0x18 
 .text.__call_exitprocs
                0x000000000001b560        0x4 C:/devkitPro/devkitA64/bin/../lib/gcc/aarch64-none-elf/15.1.0/../../../../aarch64-none-elf/lib/pic\libg.a(libc_a-exit.o)
                0x000000000001b560                __call_exitprocs
 *fill*         0x000000000001b564       0x1c 
 .text.setvbuf  0x000000000001b580      0x278 C:/devkitPro/devkitA64/bin/../lib/gcc/aarch64-none-elf/15.1.0/../../../../aarch64-none-elf/lib/pic\libg.a(libc_a-setvbuf.o)
                0x000000000001b580                setvbuf
 *fill*         0x000000000001b7f8        0x8 
 .text._fopen_r
                0x000000000001b800      0x120 C:/devkitPro/devkitA64/bin/../lib/gcc/aarch64-none-elf/15.1.0/../../../../aarch64-none-elf/lib/pic\libg.a(libc_a-fopen.o)
                0x000000000001b800                _fopen_r
 .text.fopen    0x000000000001b920       0x2c C:/devkitPro/devkitA64/bin/../lib/gcc/aarch64-none-elf/15.1.0/../../../../aarch64-none-elf/lib/pic\libg.a(libc_a-fopen.o)
                0x000000000001b920                fopen
 *fill*         0x000000000001b94c       0x14 
 .text.strncpy  0x000000000001b960       0xac C:/devkitPro/devkitA64/bin/../lib/gcc/aarch64-none-elf/15.1.0/../../../../aarch64-none-elf/lib/pic\libg.a(libc_a-strncpy.o)
                0x000000000001b960                strncpy
 *fill*         0x000000000001ba0c       0x14 
 .text._wcsrtombs_r
                0x000000000001ba20       0x10 C:/devkitPro/devkitA64/bin/../lib/gcc/aarch64-none-elf/15.1.0/../../../../aarch64-none-elf/lib/pic\libg.a(libc_a-wcsrtombs.o)
                0x000000000001ba20                _wcsrtombs_r
 *fill*         0x000000000001ba30       0x10 
 .text.frexp    0x000000000001ba40       0x7c C:/devkitPro/devkitA64/bin/../lib/gcc/aarch64-none-elf/15.1.0/../../../../aarch64-none-elf/lib/pic\libg.a(libm_a-s_frexp.o)
                0x000000000001ba40                frexp
 *fill*         0x000000000001babc        0x4 
 .text.__sfvwrite_r
                0x000000000001bac0      0x4a4 C:/devkitPro/devkitA64/bin/../lib/gcc/aarch64-none-elf/15.1.0/../../../../aarch64-none-elf/lib/pic\libg.a(libc_a-fvwrite.o)
                0x000000000001bac0                __sfvwrite_r
 *fill*         0x000000000001bf64       0x1c 
 .text.__sread  0x000000000001bf80       0x4c C:/devkitPro/devkitA64/bin/../lib/gcc/aarch64-none-elf/15.1.0/../../../../aarch64-none-elf/lib/pic\libg.a(libc_a-stdio.o)
                0x000000000001bf80                __sread
 *fill*         0x000000000001bfcc       0x14 
 .text.__swrite
                0x000000000001bfe0       0x70 C:/devkitPro/devkitA64/bin/../lib/gcc/aarch64-none-elf/15.1.0/../../../../aarch64-none-elf/lib/pic\libg.a(libc_a-stdio.o)
                0x000000000001bfe0                __swrite
 *fill*         0x000000000001c050       0x10 
 .text.__sseek  0x000000000001c060       0x50 C:/devkitPro/devkitA64/bin/../lib/gcc/aarch64-none-elf/15.1.0/../../../../aarch64-none-elf/lib/pic\libg.a(libc_a-stdio.o)
                0x000000000001c060                __sseek
 *fill*         0x000000000001c0b0       0x10 
 .text.__sclose
                0x000000000001c0c0        0x8 C:/devkitPro/devkitA64/bin/../lib/gcc/aarch64-none-elf/15.1.0/../../../../aarch64-none-elf/lib/pic\libg.a(libc_a-stdio.o)
                0x000000000001c0c0                __sclose
 *fill*         0x000000000001c0c8       0x18 
 .text.__env_lock
                0x000000000001c0e0        0xc C:/devkitPro/devkitA64/bin/../lib/gcc/aarch64-none-elf/15.1.0/../../../../aarch64-none-elf/lib/pic\libg.a(libc_a-envlock.o)
                0x000000000001c0e0                __env_lock
 *fill*         0x000000000001c0ec       0x14 
 .text.__env_unlock
                0x000000000001c100        0xc C:/devkitPro/devkitA64/bin/../lib/gcc/aarch64-none-elf/15.1.0/../../../../aarch64-none-elf/lib/pic\libg.a(libc_a-envlock.o)
                0x000000000001c100                __env_unlock
 *fill*         0x000000000001c10c       0x14 
 .text.__locale_mb_cur_max
                0x000000000001c120       0x2c C:/devkitPro/devkitA64/bin/../lib/gcc/aarch64-none-elf/15.1.0/../../../../aarch64-none-elf/lib/pic\libg.a(libc_a-locale.o)
                0x000000000001c120                __locale_mb_cur_max
 *fill*         0x000000000001c14c       0x14 
 .text.__ssprint_r
                0x000000000001c160       0xc8 C:/devkitPro/devkitA64/bin/../lib/gcc/aarch64-none-elf/15.1.0/../../../../aarch64-none-elf/lib/pic\libg.a(libc_a-ssprint_r.o)
                0x000000000001c160                __ssprint_r
 *fill*         0x000000000001c228       0x18 
 .text.gmtime_r
                0x000000000001c240      0x2a0 C:/devkitPro/devkitA64/bin/../lib/gcc/aarch64-none-elf/15.1.0/../../../../aarch64-none-elf/lib/pic\libg.a(libc_a-gmtime_r.o)
                0x000000000001c240                gmtime_r
 .text._memalign_r
                0x000000000001c4e0      0x18c C:/devkitPro/devkitA64/bin/../lib/gcc/aarch64-none-elf/15.1.0/../../../../aarch64-none-elf/lib/pic\libg.a(libc_a-malignr.o)
                0x000000000001c4e0                _memalign_r
 *fill*         0x000000000001c66c       0x14 
 .text._wcsnrtombs_l
                0x000000000001c680      0x188 C:/devkitPro/devkitA64/bin/../lib/gcc/aarch64-none-elf/15.1.0/../../../../aarch64-none-elf/lib/pic\libg.a(libc_a-wcsnrtombs.o)
                0x000000000001c680                _wcsnrtombs_l
 *fill*         0x000000000001c808       0x18 
 .text._wcsnrtombs_r
                0x000000000001c820       0x54 C:/devkitPro/devkitA64/bin/../lib/gcc/aarch64-none-elf/15.1.0/../../../../aarch64-none-elf/lib/pic\libg.a(libc_a-wcsnrtombs.o)
                0x000000000001c820                _wcsnrtombs_r
 *fill*         0x000000000001c874        0xc 
 .text.__utf8_mbtowc
                0x000000000001c880      0x2dc C:/devkitPro/devkitA64/bin/../lib/gcc/aarch64-none-elf/15.1.0/../../../../aarch64-none-elf/lib/pic\libg.a(libc_a-mbtowc_r.o)
                0x000000000001c880                __utf8_mbtowc
 *fill*         0x000000000001cb5c        0x4 
 .text._fseeko_r
                0x000000000001cb60      0x4c0 C:/devkitPro/devkitA64/bin/../lib/gcc/aarch64-none-elf/15.1.0/../../../../aarch64-none-elf/lib/pic\libg.a(libc_a-fseeko.o)
                0x000000000001cb60                _fseeko_r
 .text.__localeconv_l
                0x000000000001d020        0x8 C:/devkitPro/devkitA64/bin/../lib/gcc/aarch64-none-elf/15.1.0/../../../../aarch64-none-elf/lib/pic\libg.a(libc_a-localeconv.o)
                0x000000000001d020                __localeconv_l
 *fill*         0x000000000001d028       0x18 
 .text._localeconv_r
                0x000000000001d040       0x28 C:/devkitPro/devkitA64/bin/../lib/gcc/aarch64-none-elf/15.1.0/../../../../aarch64-none-elf/lib/pic\libg.a(libc_a-localeconv.o)
                0x000000000001d040                _localeconv_r
 .text.get_arg  0x000000000001d068      0x790 C:/devkitPro/devkitA64/bin/../lib/gcc/aarch64-none-elf/15.1.0/../../../../aarch64-none-elf/lib/pic\libg.a(libc_a-vfprintf.o)
 .text._vfprintf_r
                0x000000000001d7f8     0x3bd4 C:/devkitPro/devkitA64/bin/../lib/gcc/aarch64-none-elf/15.1.0/../../../../aarch64-none-elf/lib/pic\libg.a(libc_a-vfprintf.o)
                0x000000000001d7f8                _vfprintf_r
 .text.__sbprintf